Archive member included to satisfy reference by file (symbol)

/Applications/microchip/xc32/v4.10/bin/bin/../../lib/gcc/pic32mx/8.3.1/libgcc.a(floatunsisf.o)
                              build/default/production/acl.o (__floatunsisf)
/Applications/microchip/xc32/v4.10/bin/bin/../../lib/gcc/pic32mx/8.3.1/../../../../pic32mx/lib/libpic32.a(strlen.o)
                              build/default/production/lcd.o (strlen)
/Applications/microchip/xc32/v4.10/bin/bin/../../lib/gcc/pic32mx/8.3.1/../../../../pic32mx/lib/libpic32.a(default-bootstrap-exception-handler.o)
                              /var/folders/xs/fh8ytymx42g6mw1hgkb8529w0000gn/T//cchn4Ngd.o (_bootstrap_exception_handler)
/Applications/microchip/xc32/v4.10/bin/bin/../../lib/gcc/pic32mx/8.3.1/../../../../pic32mx/lib/libpic32.a(default-on-reset.o)
                              /var/folders/xs/fh8ytymx42g6mw1hgkb8529w0000gn/T//cchn4Ngd.o (_on_reset)
/Applications/microchip/xc32/v4.10/bin/bin/../../lib/gcc/pic32mx/8.3.1/../../../../pic32mx/lib/libpic32.a(default-on-bootstrap.o)
                              /var/folders/xs/fh8ytymx42g6mw1hgkb8529w0000gn/T//cchn4Ngd.o (_on_bootstrap)
/Applications/microchip/xc32/v4.10/bin/bin/../../lib/gcc/pic32mx/8.3.1/../../../../pic32mx/lib/libpic32.a(default-nmi-handler.o)
                              /var/folders/xs/fh8ytymx42g6mw1hgkb8529w0000gn/T//cchn4Ngd.o (_nmi_handler)
/Applications/microchip/xc32/v4.10/bin/bin/../../lib/gcc/pic32mx/8.3.1/../../../../pic32mx/lib/libpic32.a(pic32_data_init.o)
                              /var/folders/xs/fh8ytymx42g6mw1hgkb8529w0000gn/T//cchn4Ngd.o (__pic32_data_init)
/Applications/microchip/xc32/v4.10/bin/bin/../../lib/gcc/pic32mx/8.3.1/../../../../pic32mx/lib/libpic32.a(general-exception.o)
                              /var/folders/xs/fh8ytymx42g6mw1hgkb8529w0000gn/T//cchn4Ngd.o (_general_exception_context)
/Applications/microchip/xc32/v4.10/bin/bin/../../lib/gcc/pic32mx/8.3.1/../../../../pic32mx/lib/libpic32.a(vector0.o)
                              /var/folders/xs/fh8ytymx42g6mw1hgkb8529w0000gn/T//ccDQp6dp.o (__vector_dispatch_0)
/Applications/microchip/xc32/v4.10/bin/bin/../../lib/gcc/pic32mx/8.3.1/../../../../pic32mx/lib/libpic32.a(vector1.o)
                              /var/folders/xs/fh8ytymx42g6mw1hgkb8529w0000gn/T//ccDQp6dp.o (__vector_dispatch_1)
/Applications/microchip/xc32/v4.10/bin/bin/../../lib/gcc/pic32mx/8.3.1/../../../../pic32mx/lib/libpic32.a(vector2.o)
                              /var/folders/xs/fh8ytymx42g6mw1hgkb8529w0000gn/T//ccDQp6dp.o (__vector_dispatch_2)
/Applications/microchip/xc32/v4.10/bin/bin/../../lib/gcc/pic32mx/8.3.1/../../../../pic32mx/lib/libpic32.a(vector3.o)
                              /var/folders/xs/fh8ytymx42g6mw1hgkb8529w0000gn/T//ccDQp6dp.o (__vector_dispatch_3)
/Applications/microchip/xc32/v4.10/bin/bin/../../lib/gcc/pic32mx/8.3.1/../../../../pic32mx/lib/libpic32.a(vector5.o)
                              /var/folders/xs/fh8ytymx42g6mw1hgkb8529w0000gn/T//ccDQp6dp.o (__vector_dispatch_5)
/Applications/microchip/xc32/v4.10/bin/bin/../../lib/gcc/pic32mx/8.3.1/../../../../pic32mx/lib/libpic32.a(vector6.o)
                              /var/folders/xs/fh8ytymx42g6mw1hgkb8529w0000gn/T//ccDQp6dp.o (__vector_dispatch_6)
/Applications/microchip/xc32/v4.10/bin/bin/../../lib/gcc/pic32mx/8.3.1/../../../../pic32mx/lib/libpic32.a(vector7.o)
                              /var/folders/xs/fh8ytymx42g6mw1hgkb8529w0000gn/T//ccDQp6dp.o (__vector_dispatch_7)
/Applications/microchip/xc32/v4.10/bin/bin/../../lib/gcc/pic32mx/8.3.1/../../../../pic32mx/lib/libpic32.a(vector8.o)
                              /var/folders/xs/fh8ytymx42g6mw1hgkb8529w0000gn/T//ccDQp6dp.o (__vector_dispatch_8)
/Applications/microchip/xc32/v4.10/bin/bin/../../lib/gcc/pic32mx/8.3.1/../../../../pic32mx/lib/libpic32.a(vector9.o)
                              /var/folders/xs/fh8ytymx42g6mw1hgkb8529w0000gn/T//ccDQp6dp.o (__vector_dispatch_9)
/Applications/microchip/xc32/v4.10/bin/bin/../../lib/gcc/pic32mx/8.3.1/../../../../pic32mx/lib/libpic32.a(vector10.o)
                              /var/folders/xs/fh8ytymx42g6mw1hgkb8529w0000gn/T//ccDQp6dp.o (__vector_dispatch_10)
/Applications/microchip/xc32/v4.10/bin/bin/../../lib/gcc/pic32mx/8.3.1/../../../../pic32mx/lib/libpic32.a(vector11.o)
                              /var/folders/xs/fh8ytymx42g6mw1hgkb8529w0000gn/T//ccDQp6dp.o (__vector_dispatch_11)
/Applications/microchip/xc32/v4.10/bin/bin/../../lib/gcc/pic32mx/8.3.1/../../../../pic32mx/lib/libpic32.a(vector13.o)
                              /var/folders/xs/fh8ytymx42g6mw1hgkb8529w0000gn/T//ccDQp6dp.o (__vector_dispatch_13)
/Applications/microchip/xc32/v4.10/bin/bin/../../lib/gcc/pic32mx/8.3.1/../../../../pic32mx/lib/libpic32.a(vector14.o)
                              /var/folders/xs/fh8ytymx42g6mw1hgkb8529w0000gn/T//ccDQp6dp.o (__vector_dispatch_14)
/Applications/microchip/xc32/v4.10/bin/bin/../../lib/gcc/pic32mx/8.3.1/../../../../pic32mx/lib/libpic32.a(vector15.o)
[...]
Memory Configuration

Name             Origin             Length             Attributes
kseg0_program_mem 0x000000009d000000 0x0000000000080000 xr
kseg0_boot_mem   0x000000009fc00490 0x0000000000000970
exception_mem    0x000000009fc01000 0x0000000000001000
kseg1_boot_mem   0x00000000bfc00000 0x0000000000000490
debug_exec_mem   0x00000000bfc02000 0x0000000000000ff0
config3          0x00000000bfc02ff0 0x0000000000000004
config2          0x00000000bfc02ff4 0x0000000000000004
config1          0x00000000bfc02ff8 0x0000000000000004
config0          0x00000000bfc02ffc 0x0000000000000004
kseg1_data_mem   0x00000000a0000000 0x0000000000020000 w !x
sfrs             0x00000000bf800000 0x0000000000100000
configsfrs       0x00000000bfc02ff0 0x0000000000000010
*default*        0x0000000000000000 0xffffffffffffffff

Linker script and memory map

LOAD /Applications/microchip/xc32/v4.10/bin/bin/../../lib/gcc/pic32mx/8.3.1/../../../../pic32mx/lib/debug-exception-return.o
LOAD build/default/production/acl.o
LOAD build/default/production/adc.o
LOAD build/default/production/i2c.o
LOAD build/default/production/lcd.o
LOAD build/default/production/led.o
LOAD build/default/production/rgbled.o
LOAD build/default/production/ssd.o
LOAD build/default/production/utils.o
LOAD build/default/production/mic.o
LOAD build/default/production/Proj3_Template.o
                0x0000000000000001                __MPLAB_BUILD = 0x1
LOAD /var/folders/xs/fh8ytymx42g6mw1hgkb8529w0000gn/T//cchn4Ngd.o
LOAD /var/folders/xs/fh8ytymx42g6mw1hgkb8529w0000gn/T//cc3o2So2.o
LOAD /var/folders/xs/fh8ytymx42g6mw1hgkb8529w0000gn/T//ccDQp6dp.o
LOAD /Applications/microchip/xc32/v4.10/bin/bin/../../lib/gcc/pic32mx/8.3.1/../../../../pic32mx/lib/pic32_software_reset.o
LOAD /Applications/microchip/xc32/v4.10/bin/bin/../../lib/gcc/pic32mx/8.3.1/libgcc.a
START GROUP
LOAD /Applications/microchip/xc32/v4.10/bin/bin/../../lib/gcc/pic32mx/8.3.1/../../../../pic32mx/lib/libpic32.a
LOAD /Applications/microchip/xc32/v4.10/bin/bin/../../lib/gcc/pic32mx/8.3.1/../../../../pic32mx/lib/libdebug.a
LOAD /Applications/microchip/xc32/v4.10/bin/bin/../../lib/gcc/pic32mx/8.3.1/../../../../pic32mx/lib/libc-musl.a
LOAD /Applications/microchip/xc32/v4.10/bin/bin/../../lib/gcc/pic32mx/8.3.1/../../../../pic32mx/lib/libm.a
LOAD /Applications/microchip/xc32/v4.10/bin/bin/../../lib/gcc/pic32mx/8.3.1/../../../../pic32mx/lib/libe.a
LOAD /Applications/microchip/xc32/v4.10/bin/bin/../../lib/gcc/pic32mx/8.3.1/../../../../pic32mx/lib/libm-musl.a
LOAD /Applications/microchip/xc32/v4.10/bin/bin/../../lib/gcc/pic32mx/8.3.1/../../../../pic32mx/lib/libdsp.a
LOAD /Applications/microchip/xc32/v4.10/bin/bin/../../lib/gcc/pic32mx/8.3.1/libgcc.a
END GROUP
LOAD /Applications/microchip/xc32/v4.10/bin/bin/../../lib/gcc/pic32mx/8.3.1/libgcc.a
                0x0000000000000400                PROVIDE (_min_stack_size = 0x400)
START GROUP
LOAD libmchp_peripheral.a
END GROUP
START GROUP
LOAD libmchp_peripheral_32MX370F512L.a
END GROUP
                0x0000000000000001                PROVIDE (_vector_spacing = 0x1)
                0x000000009fc01000                PROVIDE (_ebase_address = 0x9fc01000)
                0x00000000bfc00000                _RESET_ADDR = 0xbfc00000
                0x00000000bfc00380                _BEV_EXCPT_ADDR = 0xbfc00380
                0x00000000bfc00480                _DBG_EXCPT_ADDR = 0xbfc00480
                0x00000000bfc02000                _DBG_CODE_ADDR = 0xbfc02000
                0x0000000000000ff0                _DBG_CODE_SIZE = 0xff0
                0x000000009fc01180                _GEN_EXCPT_ADDR = (_ebase_address + 0x180)

.config_BFC02FF0
 *(.config_BFC02FF0)

.config_BFC02FF4
                0x00000000bfc02ff4        0x4
 *(.config_BFC02FF4)
 .config_BFC02FF4
                0x00000000bfc02ff4        0x4 build/default/production/Proj3_Template.o
                0x00000000bfc02ff4                __config_BFC02FF4

.config_BFC02FF8
                0x00000000bfc02ff8        0x4
 *(.config_BFC02FF8)
 .config_BFC02FF8
                0x00000000bfc02ff8        0x4 build/default/production/Proj3_Template.o
                0x00000000bfc02ff8                __config_BFC02FF8

.config_BFC02FFC
 *(.config_BFC02FFC)

.reset          0x00000000bfc00000      0x19c
 *(.reset)
 .reset         0x00000000bfc00000        0x8 /var/folders/xs/fh8ytymx42g6mw1hgkb8529w0000gn/T//cchn4Ngd.o
                0x00000000bfc00000                _reset
 *(.reset.startup)
 .reset.startup
                0x00000000bfc00008      0x194 /var/folders/xs/fh8ytymx42g6mw1hgkb8529w0000gn/T//cchn4Ngd.o
                0x00000000bfc00008                _startup

.bev_excpt      0x00000000bfc00380       0x10
 *(.bev_handler)
 .bev_handler   0x00000000bfc00380       0x10 /var/folders/xs/fh8ytymx42g6mw1hgkb8529w0000gn/T//cchn4Ngd.o

.dbg_excpt      0x00000000bfc00480        0x0
                0x00000000bfc00480                . = (. + DEFINED (_DEBUGGER)?0x8:0x0)

.dbg_code       0x00000000bfc02000        0x0
                0x00000000bfc02000                . = (. + DEFINED (_DEBUGGER)?_DBG_CODE_SIZE:0x0)

.app_excpt      0x000000009fc01180       0x10
 *(.gen_handler)
 .gen_handler   0x000000009fc01180       0x10 /var/folders/xs/fh8ytymx42g6mw1hgkb8529w0000gn/T//cchn4Ngd.o

.vector_0       0x000000009fc01200        0x8
 *(.vector_0)
 .vector_0      0x000000009fc01200        0x8 /Applications/microchip/xc32/v4.10/bin/bin/../../lib/gcc/pic32mx/8.3.1/../../../../pic32mx/lib/libpic32.a(vector0.o)
                0x000000009fc01200                __vector_dispatch_0
                0x0000000000000001                ASSERT (((_vector_spacing == 0x0) || (SIZEOF (.vector_0) <= (_vector_spacing << 0x5))), function at exception vector 0 too large)

.vector_1       0x000000009fc01220        0x8
 *(.vector_1)
 .vector_1      0x000000009fc01220        0x8 /Applications/microchip/xc32/v4.10/bin/bin/../../lib/gcc/pic32mx/8.3.1/../../../../pic32mx/lib/libpic32.a(vector1.o)
                0x000000009fc01220                __vector_dispatch_1
                0x0000000000000001                ASSERT (((_vector_spacing == 0x0) || (SIZEOF (.vector_1) <= (_vector_spacing << 0x5))), function at exception vector 1 too large)

.vector_2       0x000000009fc01240        0x8
 *(.vector_2)
 .vector_2      0x000000009fc01240        0x8 /Applications/microchip/xc32/v4.10/bin/bin/../../lib/gcc/pic32mx/8.3.1/../../../../pic32mx/lib/libpic32.a(vector2.o)
                0x000000009fc01240                __vector_dispatch_2
                0x0000000000000001                ASSERT (((_vector_spacing == 0x0) || (SIZEOF (.vector_2) <= (_vector_spacing << 0x5))), function at exception vector 2 too large)

.vector_3       0x000000009fc01260        0x8
 *(.vector_3)
 .vector_3      0x000000009fc01260        0x8 /Applications/microchip/xc32/v4.10/bin/bin/../../lib/gcc/pic32mx/8.3.1/../../../../pic32mx/lib/libpic32.a(vector3.o)
                0x000000009fc01260                __vector_dispatch_3
                0x0000000000000001                ASSERT (((_vector_spacing == 0x0) || (SIZEOF (.vector_3) <= (_vector_spacing << 0x5))), function at exception vector 3 too large)

.vector_4       0x000000009fc01280        0x8
 *(.vector_4)
 .vector_4      0x000000009fc01280        0x8 build/default/production/ssd.o
                0x000000009fc01280                __vector_dispatch_4
                0x0000000000000001                ASSERT (((_vector_spacing == 0x0) || (SIZEOF (.vector_4) <= (_vector_spacing << 0x5))), function at exception vector 4 too large)

.vector_5       0x000000009fc012a0        0x8
 *(.vector_5)
 .vector_5      0x000000009fc012a0        0x8 /Applications/microchip/xc32/v4.10/bin/bin/../../lib/gcc/pic32mx/8.3.1/../../../../pic32mx/lib/libpic32.a(vector5.o)
                0x000000009fc012a0                __vector_dispatch_5
                0x0000000000000001                ASSERT (((_vector_spacing == 0x0) || (SIZEOF (.vector_5) <= (_vector_spacing << 0x5))), function at exception vector 5 too large)

.vector_6       0x000000009fc012c0        0x8
 *(.vector_6)
 .vector_6      0x000000009fc012c0        0x8 /Applications/microchip/xc32/v4.10/bin/bin/../../lib/gcc/pic32mx/8.3.1/../../../../pic32mx/lib/libpic32.a(vector6.o)
                0x000000009fc012c0                __vector_dispatch_6
                0x0000000000000001                ASSERT (((_vector_spacing == 0x0) || (SIZEOF (.vector_6) <= (_vector_spacing << 0x5))), function at exception vector 6 too large)

.vector_7       0x000000009fc012e0        0x8
 *(.vector_7)
 .vector_7      0x000000009fc012e0        0x8 /Applications/microchip/xc32/v4.10/bin/bin/../../lib/gcc/pic32mx/8.3.1/../../../../pic32mx/lib/libpic32.a(vector7.o)
                0x000000009fc012e0                __vector_dispatch_7
                0x0000000000000001                ASSERT (((_vector_spacing == 0x0) || (SIZEOF (.vector_7) <= (_vector_spacing << 0x5))), function at exception vector 7 too large)

.vector_8       0x000000009fc01300        0x8
 *(.vector_8)
 .vector_8      0x000000009fc01300        0x8 /Applications/microchip/xc32/v4.10/bin/bin/../../lib/gcc/pic32mx/8.3.1/../../../../pic32mx/lib/libpic32.a(vector8.o)
                0x000000009fc01300                __vector_dispatch_8
                0x0000000000000001                ASSERT (((_vector_spacing == 0x0) || (SIZEOF (.vector_8) <= (_vector_spacing << 0x5))), function at exception vector 8 too large)

.vector_9       0x000000009fc01320        0x8
 *(.vector_9)
 .vector_9      0x000000009fc01320        0x8 /Applications/microchip/xc32/v4.10/bin/bin/../../lib/gcc/pic32mx/8.3.1/../../../../pic32mx/lib/libpic32.a(vector9.o)
                0x000000009fc01320                __vector_dispatch_9
                0x0000000000000001                ASSERT (((_vector_spacing == 0x0) || (SIZEOF (.vector_9) <= (_vector_spacing << 0x5))), function at exception vector 9 too large)

.vector_10      0x000000009fc01340        0x8
 *(.vector_10)
 .vector_10     0x000000009fc01340        0x8 /Applications/microchip/xc32/v4.10/bin/bin/../../lib/gcc/pic32mx/8.3.1/../../../../pic32mx/lib/libpic32.a(vector10.o)
                0x000000009fc01340                __vector_dispatch_10
                0x0000000000000001                ASSERT (((_vector_spacing == 0x0) || (SIZEOF (.vector_10) <= (_vector_spacing << 0x5))), function at exception vector 10 too large)

.vector_11      0x000000009fc01360        0x8
 *(.vector_11)
 .vector_11     0x000000009fc01360        0x8 /Applications/microchip/xc32/v4.10/bin/bin/../../lib/gcc/pic32mx/8.3.1/../../../../pic32mx/lib/libpic32.a(vector11.o)
                0x000000009fc01360                __vector_dispatch_11
                0x0000000000000001                ASSERT (((_vector_spacing == 0x0) || (SIZEOF (.vector_11) <= (_vector_spacing << 0x5))), function at exception vector 11 too large)

.vector_12      0x000000009fc01380        0x8
 *(.vector_12)
 .vector_12     0x000000009fc01380        0x8 build/default/production/Proj3_Template.o
                0x000000009fc01380                __vector_dispatch_12
                0x0000000000000001                ASSERT (((_vector_spacing == 0x0) || (SIZEOF (.vector_12) <= (_vector_spacing << 0x5))), function at exception vector 12 too large)

.vector_13      0x000000009fc013a0        0x8
 *(.vector_13)
 .vector_13     0x000000009fc013a0        0x8 /Applications/microchip/xc32/v4.10/bin/bin/../../lib/gcc/pic32mx/8.3.1/../../../../pic32mx/lib/libpic32.a(vector13.o)
                0x000000009fc013a0                __vector_dispatch_13
                0x0000000000000001                ASSERT (((_vector_spacing == 0x0) || (SIZEOF (.vector_13) <= (_vector_spacing << 0x5))), function at exception vector 13 too large)

.vector_14      0x000000009fc013c0        0x8
 *(.vector_14)
 .vector_14     0x000000009fc013c0        0x8 /Applications/microchip/xc32/v4.10/bin/bin/../../lib/gcc/pic32mx/8.3.1/../../../../pic32mx/lib/libpic32.a(vector14.o)
                0x000000009fc013c0                __vector_dispatch_14
                0x0000000000000001                ASSERT (((_vector_spacing == 0x0) || (SIZEOF (.vector_14) <= (_vector_spacing << 0x5))), function at exception vector 14 too large)

.vector_15      0x000000009fc013e0        0x8
 *(.vector_15)
 .vector_15     0x000000009fc013e0        0x8 /Applications/microchip/xc32/v4.10/bin/bin/../../lib/gcc/pic32mx/8.3.1/../../../../pic32mx/lib/libpic32.a(vector15.o)
                0x000000009fc013e0                __vector_dispatch_15
                0x0000000000000001                ASSERT (((_vector_spacing == 0x0) || (SIZEOF (.vector_15) <= (_vector_spacing << 0x5))), function at exception vector 15 too large)

.vector_16      0x000000009fc01400        0x8
 *(.vector_16)
 .vector_16     0x000000009fc01400        0x8 /Applications/microchip/xc32/v4.10/bin/bin/../../lib/gcc/pic32mx/8.3.1/../../../../pic32mx/lib/libpic32.a(vector16.o)
                0x000000009fc01400                __vector_dispatch_16
                0x0000000000000001                ASSERT (((_vector_spacing == 0x0) || (SIZEOF (.vector_16) <= (_vector_spacing << 0x5))), function at exception vector 16 too large)

.vector_17      0x000000009fc01420        0x8
 *(.vector_17)
 .vector_17     0x000000009fc01420        0x8 /Applications/microchip/xc32/v4.10/bin/bin/../../lib/gcc/pic32mx/8.3.1/../../../../pic32mx/lib/libpic32.a(vector17.o)
                0x000000009fc01420                __vector_dispatch_17
                0x0000000000000001                ASSERT (((_vector_spacing == 0x0) || (SIZEOF (.vector_17) <= (_vector_spacing << 0x5))), function at exception vector 17 too large)

.vector_18      0x000000009fc01440        0x8
 *(.vector_18)
 .vector_18     0x000000009fc01440        0x8 /Applications/microchip/xc32/v4.10/bin/bin/../../lib/gcc/pic32mx/8.3.1/../../../../pic32mx/lib/libpic32.a(vector18.o)
                0x000000009fc01440                __vector_dispatch_18
                0x0000000000000001                ASSERT (((_vector_spacing == 0x0) || (SIZEOF (.vector_18) <= (_vector_spacing << 0x5))), function at exception vector 18 too large)

.vector_19      0x000000009fc01460        0x8
 *(.vector_19)
 .vector_19     0x000000009fc01460        0x8 /Applications/microchip/xc32/v4.10/bin/bin/../../lib/gcc/pic32mx/8.3.1/../../../../pic32mx/lib/libpic32.a(vector19.o)
                0x000000009fc01460                __vector_dispatch_19
                0x0000000000000001                ASSERT (((_vector_spacing == 0x0) || (SIZEOF (.vector_19) <= (_vector_spacing << 0x5))), function at exception vector 19 too large)

.vector_20      0x000000009fc01480        0x8
 *(.vector_20)
 .vector_20     0x000000009fc01480        0x8 build/default/production/rgbled.o
                0x000000009fc01480                __vector_dispatch_20
                0x0000000000000001                ASSERT (((_vector_spacing == 0x0) || (SIZEOF (.vector_20) <= (_vector_spacing << 0x5))), function at exception vector 20 too large)

.vector_21      0x000000009fc014a0        0x8
 *(.vector_21)
 .vector_21     0x000000009fc014a0        0x8 /Applications/microchip/xc32/v4.10/bin/bin/../../lib/gcc/pic32mx/8.3.1/../../../../pic32mx/lib/libpic32.a(vector21.o)
                0x000000009fc014a0                __vector_dispatch_21
                0x0000000000000001                ASSERT (((_vector_spacing == 0x0) || (SIZEOF (.vector_21) <= (_vector_spacing << 0x5))), function at exception vector 21 too large)

.vector_22      0x000000009fc014c0        0x8
 *(.vector_22)
 .vector_22     0x000000009fc014c0        0x8 /Applications/microchip/xc32/v4.10/bin/bin/../../lib/gcc/pic32mx/8.3.1/../../../../pic32mx/lib/libpic32.a(vector22.o)
                0x000000009fc014c0                __vector_dispatch_22
                0x0000000000000001                ASSERT (((_vector_spacing == 0x0) || (SIZEOF (.vector_22) <= (_vector_spacing << 0x5))), function at exception vector 22 too large)

.vector_23      0x000000009fc014e0        0x8
 *(.vector_23)
 .vector_23     0x000000009fc014e0        0x8 /Applications/microchip/xc32/v4.10/bin/bin/../../lib/gcc/pic32mx/8.3.1/../../../../pic32mx/lib/libpic32.a(vector23.o)
                0x000000009fc014e0                __vector_dispatch_23
                0x0000000000000001                ASSERT (((_vector_spacing == 0x0) || (SIZEOF (.vector_23) <= (_vector_spacing << 0x5))), function at exception vector 23 too large)

.vector_24      0x000000009fc01500        0x8
 *(.vector_24)
 .vector_24     0x000000009fc01500        0x8 /Applications/microchip/xc32/v4.10/bin/bin/../../lib/gcc/pic32mx/8.3.1/../../../../pic32mx/lib/libpic32.a(vector24.o)
                0x000000009fc01500                __vector_dispatch_24
                0x0000000000000001                ASSERT (((_vector_spacing == 0x0) || (SIZEOF (.vector_24) <= (_vector_spacing << 0x5))), function at exception vector 24 too large)

.vector_25      0x000000009fc01520        0x8
 *(.vector_25)
 .vector_25     0x000000009fc01520        0x8 /Applications/microchip/xc32/v4.10/bin/bin/../../lib/gcc/pic32mx/8.3.1/../../../../pic32mx/lib/libpic32.a(vector25.o)
                0x000000009fc01520                __vector_dispatch_25
                0x0000000000000001                ASSERT (((_vector_spacing == 0x0) || (SIZEOF (.vector_25) <= (_vector_spacing << 0x5))), function at exception vector 25 too large)

.vector_26      0x000000009fc01540        0x8
 *(.vector_26)
 .vector_26     0x000000009fc01540        0x8 /Applications/microchip/xc32/v4.10/bin/bin/../../lib/gcc/pic32mx/8.3.1/../../../../pic32mx/lib/libpic32.a(vector26.o)
                0x000000009fc01540                __vector_dispatch_26
                0x0000000000000001                ASSERT (((_vector_spacing == 0x0) || (SIZEOF (.vector_26) <= (_vector_spacing << 0x5))), function at exception vector 26 too large)

.vector_27      0x000000009fc01560        0x8
 *(.vector_27)
 .vector_27     0x000000009fc01560        0x8 /Applications/microchip/xc32/v4.10/bin/bin/../../lib/gcc/pic32mx/8.3.1/../../../../pic32mx/lib/libpic32.a(vector27.o)
                0x000000009fc01560                __vector_dispatch_27
                0x0000000000000001                ASSERT (((_vector_spacing == 0x0) || (SIZEOF (.vector_27) <= (_vector_spacing << 0x5))), function at exception vector 27 too large)

.vector_28      0x000000009fc01580        0x8
 *(.vector_28)
 .vector_28     0x000000009fc01580        0x8 /Applications/microchip/xc32/v4.10/bin/bin/../../lib/gcc/pic32mx/8.3.1/../../../../pic32mx/lib/libpic32.a(vector28.o)
                0x000000009fc01580                __vector_dispatch_28
                0x0000000000000001                ASSERT (((_vector_spacing == 0x0) || (SIZEOF (.vector_28) <= (_vector_spacing << 0x5))), function at exception vector 28 too large)

.vector_29      0x000000009fc015a0        0x8
 *(.vector_29)
 .vector_29     0x000000009fc015a0        0x8 /Applications/microchip/xc32/v4.10/bin/bin/../../lib/gcc/pic32mx/8.3.1/../../../../pic32mx/lib/libpic32.a(vector29.o)
                0x000000009fc015a0                __vector_dispatch_29
                0x0000000000000001                ASSERT (((_vector_spacing == 0x0) || (SIZEOF (.vector_29) <= (_vector_spacing << 0x5))), function at exception vector 29 too large)

.vector_30      0x000000009fc015c0        0x8
 *(.vector_30)
 .vector_30     0x000000009fc015c0        0x8 /Applications/microchip/xc32/v4.10/bin/bin/../../lib/gcc/pic32mx/8.3.1/../../../../pic32mx/lib/libpic32.a(vector30.o)
                0x000000009fc015c0                __vector_dispatch_30
                0x0000000000000001                ASSERT (((_vector_spacing == 0x0) || (SIZEOF (.vector_30) <= (_vector_spacing << 0x5))), function at exception vector 30 too large)

.vector_31      0x000000009fc015e0        0x8
 *(.vector_31)
 .vector_31     0x000000009fc015e0        0x8 /Applications/microchip/xc32/v4.10/bin/bin/../../lib/gcc/pic32mx/8.3.1/../../../../pic32mx/lib/libpic32.a(vector31.o)
                0x000000009fc015e0                __vector_dispatch_31
                0x0000000000000001                ASSERT (((_vector_spacing == 0x0) || (SIZEOF (.vector_31) <= (_vector_spacing << 0x5))), function at exception vector 31 too large)

.vector_32      0x000000009fc01600        0x8
 *(.vector_32)
 .vector_32     0x000000009fc01600        0x8 /Applications/microchip/xc32/v4.10/bin/bin/../../lib/gcc/pic32mx/8.3.1/../../../../pic32mx/lib/libpic32.a(vector32.o)
                0x000000009fc01600                __vector_dispatch_32
                0x0000000000000001                ASSERT (((_vector_spacing == 0x0) || (SIZEOF (.vector_32) <= (_vector_spacing << 0x5))), function at exception vector 32 too large)

.vector_33      0x000000009fc01620        0x8
 *(.vector_33)
 .vector_33     0x000000009fc01620        0x8 build/default/production/Proj3_Template.o
                0x000000009fc01620                __vector_dispatch_33
                0x0000000000000001                ASSERT (((_vector_spacing == 0x0) || (SIZEOF (.vector_33) <= (_vector_spacing << 0x5))), function at exception vector 33 too large)

.vector_34      0x000000009fc01640        0x8
 *(.vector_34)
 .vector_34     0x000000009fc01640        0x8 /Applications/microchip/xc32/v4.10/bin/bin/../../lib/gcc/pic32mx/8.3.1/../../../../pic32mx/lib/libpic32.a(vector34.o)
                0x000000009fc01640                __vector_dispatch_34
                0x0000000000000001                ASSERT (((_vector_spacing == 0x0) || (SIZEOF (.vector_34) <= (_vector_spacing << 0x5))), function at exception vector 34 too large)

.vector_35      0x000000009fc01660        0x8
 *(.vector_35)
 .vector_35     0x000000009fc01660        0x8 /Applications/microchip/xc32/v4.10/bin/bin/../../lib/gcc/pic32mx/8.3.1/../../../../pic32mx/lib/libpic32.a(vector35.o)
                0x000000009fc01660                __vector_dispatch_35
                0x0000000000000001                ASSERT (((_vector_spacing == 0x0) || (SIZEOF (.vector_35) <= (_vector_spacing << 0x5))), function at exception vector 35 too large)

.vector_36      0x000000009fc01680        0x8
 *(.vector_36)
 .vector_36     0x000000009fc01680        0x8 /Applications/microchip/xc32/v4.10/bin/bin/../../lib/gcc/pic32mx/8.3.1/../../../../pic32mx/lib/libpic32.a(vector36.o)
                0x000000009fc01680                __vector_dispatch_36
                0x0000000000000001                ASSERT (((_vector_spacing == 0x0) || (SIZEOF (.vector_36) <= (_vector_spacing << 0x5))), function at exception vector 36 too large)

.vector_37      0x000000009fc016a0        0x8
 *(.vector_37)
 .vector_37     0x000000009fc016a0        0x8 /Applications/microchip/xc32/v4.10/bin/bin/../../lib/gcc/pic32mx/8.3.1/../../../../pic32mx/lib/libpic32.a(vector37.o)
                0x000000009fc016a0                __vector_dispatch_37
                0x0000000000000001                ASSERT (((_vector_spacing == 0x0) || (SIZEOF (.vector_37) <= (_vector_spacing << 0x5))), function at exception vector 37 too large)

.vector_38      0x000000009fc016c0        0x8
 *(.vector_38)
 .vector_38     0x000000009fc016c0        0x8 /Applications/microchip/xc32/v4.10/bin/bin/../../lib/gcc/pic32mx/8.3.1/../../../../pic32mx/lib/libpic32.a(vector38.o)
                0x000000009fc016c0                __vector_dispatch_38
                0x0000000000000001                ASSERT (((_vector_spacing == 0x0) || (SIZEOF (.vector_38) <= (_vector_spacing << 0x5))), function at exception vector 38 too large)

.vector_39      0x000000009fc016e0        0x8
 *(.vector_39)
 .vector_39     0x000000009fc016e0        0x8 /Applications/microchip/xc32/v4.10/bin/bin/../../lib/gcc/pic32mx/8.3.1/../../../../pic32mx/lib/libpic32.a(vector39.o)
                0x000000009fc016e0                __vector_dispatch_39
                0x0000000000000001                ASSERT (((_vector_spacing == 0x0) || (SIZEOF (.vector_39) <= (_vector_spacing << 0x5))), function at exception vector 39 too large)

.vector_40      0x000000009fc01700        0x8
 *(.vector_40)
 .vector_40     0x000000009fc01700        0x8 /Applications/microchip/xc32/v4.10/bin/bin/../../lib/gcc/pic32mx/8.3.1/../../../../pic32mx/lib/libpic32.a(vector40.o)
                0x000000009fc01700                __vector_dispatch_40
                0x0000000000000001                ASSERT (((_vector_spacing == 0x0) || (SIZEOF (.vector_40) <= (_vector_spacing << 0x5))), function at exception vector 40 too large)

.vector_41      0x000000009fc01720        0x8
 *(.vector_41)
 .vector_41     0x000000009fc01720        0x8 /Applications/microchip/xc32/v4.10/bin/bin/../../lib/gcc/pic32mx/8.3.1/../../../../pic32mx/lib/libpic32.a(vector41.o)
                0x000000009fc01720                __vector_dispatch_41
                0x0000000000000001                ASSERT (((_vector_spacing == 0x0) || (SIZEOF (.vector_41) <= (_vector_spacing << 0x5))), function at exception vector 41 too large)

.vector_42      0x000000009fc01740        0x8
 *(.vector_42)
 .vector_42     0x000000009fc01740        0x8 /Applications/microchip/xc32/v4.10/bin/bin/../../lib/gcc/pic32mx/8.3.1/../../../../pic32mx/lib/libpic32.a(vector42.o)
                0x000000009fc01740                __vector_dispatch_42
                0x0000000000000001                ASSERT (((_vector_spacing == 0x0) || (SIZEOF (.vector_42) <= (_vector_spacing << 0x5))), function at exception vector 42 too large)

.vector_43      0x000000009fc01760        0x8
 *(.vector_43)
 .vector_43     0x000000009fc01760        0x8 /Applications/microchip/xc32/v4.10/bin/bin/../../lib/gcc/pic32mx/8.3.1/../../../../pic32mx/lib/libpic32.a(vector43.o)
                0x000000009fc01760                __vector_dispatch_43
                0x0000000000000001                ASSERT (((_vector_spacing == 0x0) || (SIZEOF (.vector_43) <= (_vector_spacing << 0x5))), function at exception vector 43 too large)

.vector_44      0x000000009fc01780        0x8
 *(.vector_44)
 .vector_44     0x000000009fc01780        0x8 /Applications/microchip/xc32/v4.10/bin/bin/../../lib/gcc/pic32mx/8.3.1/../../../../pic32mx/lib/libpic32.a(vector44.o)
                0x000000009fc01780                __vector_dispatch_44
                0x0000000000000001                ASSERT (((_vector_spacing == 0x0) || (SIZEOF (.vector_44) <= (_vector_spacing << 0x5))), function at exception vector 44 too large)

.vector_45      0x000000009fc017a0        0x8
 *(.vector_45)
 .vector_45     0x000000009fc017a0        0x8 /Applications/microchip/xc32/v4.10/bin/bin/../../lib/gcc/pic32mx/8.3.1/../../../../pic32mx/lib/libpic32.a(vector45.o)
                0x000000009fc017a0                __vector_dispatch_45
                0x0000000000000001                ASSERT (((_vector_spacing == 0x0) || (SIZEOF (.vector_45) <= (_vector_spacing << 0x5))), function at exception vector 45 too large)

.vector_46      0x000000009fc017c0        0x0
 *(.vector_46)
                0x0000000000000001                ASSERT (((_vector_spacing == 0x0) || (SIZEOF (.vector_46) <= (_vector_spacing << 0x5))), function at exception vector 46 too large)

.vector_47      0x000000009fc017e0        0x0
 *(.vector_47)
                0x0000000000000001                ASSERT (((_vector_spacing == 0x0) || (SIZEOF (.vector_47) <= (_vector_spacing << 0x5))), function at exception vector 47 too large)

.vector_48      0x000000009fc01800        0x0
 *(.vector_48)
                0x0000000000000001                ASSERT (((_vector_spacing == 0x0) || (SIZEOF (.vector_48) <= (_vector_spacing << 0x5))), function at exception vector 48 too large)

.vector_49      0x000000009fc01820        0x0
 *(.vector_49)
                0x0000000000000001                ASSERT (((_vector_spacing == 0x0) || (SIZEOF (.vector_49) <= (_vector_spacing << 0x5))), function at exception vector 49 too large)

.vector_50      0x000000009fc01840        0x0
 *(.vector_50)
                0x0000000000000001                ASSERT (((_vector_spacing == 0x0) || (SIZEOF (.vector_50) <= (_vector_spacing << 0x5))), function at exception vector 50 too large)

.vector_51      0x000000009fc01860        0x0
 *(.vector_51)
                0x0000000000000001                ASSERT (((_vector_spacing == 0x0) || (SIZEOF (.vector_51) <= (_vector_spacing << 0x5))), function at exception vector 51 too large)

.vector_52      0x000000009fc01880        0x0
 *(.vector_52)
                0x0000000000000001                ASSERT (((_vector_spacing == 0x0) || (SIZEOF (.vector_52) <= (_vector_spacing << 0x5))), function at exception vector 52 too large)

.vector_53      0x000000009fc018a0        0x0
 *(.vector_53)
                0x0000000000000001                ASSERT (((_vector_spacing == 0x0) || (SIZEOF (.vector_53) <= (_vector_spacing << 0x5))), function at exception vector 53 too large)

.vector_54      0x000000009fc018c0        0x0
 *(.vector_54)
                0x0000000000000001                ASSERT (((_vector_spacing == 0x0) || (SIZEOF (.vector_54) <= (_vector_spacing << 0x5))), function at exception vector 54 too large)

.vector_55      0x000000009fc018e0        0x0
 *(.vector_55)
                0x0000000000000001                ASSERT (((_vector_spacing == 0x0) || (SIZEOF (.vector_55) <= (_vector_spacing << 0x5))), function at exception vector 55 too large)

.vector_56      0x000000009fc01900        0x0
 *(.vector_56)
                0x0000000000000001                ASSERT (((_vector_spacing == 0x0) || (SIZEOF (.vector_56) <= (_vector_spacing << 0x5))), function at exception vector 56 too large)

.vector_57      0x000000009fc01920        0x0
 *(.vector_57)
                0x0000000000000001                ASSERT (((_vector_spacing == 0x0) || (SIZEOF (.vector_57) <= (_vector_spacing << 0x5))), function at exception vector 57 too large)

.vector_58      0x000000009fc01940        0x0
 *(.vector_58)
                0x0000000000000001                ASSERT (((_vector_spacing == 0x0) || (SIZEOF (.vector_58) <= (_vector_spacing << 0x5))), function at exception vector 58 too large)

.vector_59      0x000000009fc01960        0x0
 *(.vector_59)
                0x0000000000000001                ASSERT (((_vector_spacing == 0x0) || (SIZEOF (.vector_59) <= (_vector_spacing << 0x5))), function at exception vector 59 too large)

.vector_60      0x000000009fc01980        0x0
 *(.vector_60)
                0x0000000000000001                ASSERT (((_vector_spacing == 0x0) || (SIZEOF (.vector_60) <= (_vector_spacing << 0x5))), function at exception vector 60 too large)

.vector_61      0x000000009fc019a0        0x0
 *(.vector_61)
                0x0000000000000001                ASSERT (((_vector_spacing == 0x0) || (SIZEOF (.vector_61) <= (_vector_spacing << 0x5))), function at exception vector 61 too large)

.vector_62      0x000000009fc019c0        0x0
 *(.vector_62)
                0x0000000000000001                ASSERT (((_vector_spacing == 0x0) || (SIZEOF (.vector_62) <= (_vector_spacing << 0x5))), function at exception vector 62 too large)

.vector_63      0x000000009fc019e0        0x0
 *(.vector_63)
                0x0000000000000001                ASSERT (((_vector_spacing == 0x0) || (SIZEOF (.vector_63) <= (_vector_spacing << 0x5))), function at exception vector 63 too large)

.startup
 *(.startup)

.text           0x000000009d000000        0x0
 *(.stub .gnu.linkonce.t.*)
 *(.text.*personality*)
 *(.mips16.fn.*)
 *(.mips16.call.*)
 *(.gnu.warning)
                0x000000009d000000                . = ALIGN (0x4)

.init           0x000000009d000000        0x0
 *crti.o(.init)
 *crtbegin.o(.init)
 *(EXCLUDE_FILE(*crtn.o *crtend?.o *crtend.o) .init)
 *crtend.o(.init)
 *crtn.o(.init)
                0x000000009d000000                . = ALIGN (0x4)

.fini           0x000000009d000000        0x0
 *(.fini)
                0x000000009d000000                . = ALIGN (0x4)

.preinit_array  0x000000009d000000        0x0
                [!provide]                        PROVIDE (__preinit_array_start = .)
 *(.preinit_array)
                [!provide]                        PROVIDE (__preinit_array_end = .)
                0x000000009d000000                . = ALIGN (0x4)

.init_array     0x000000009d000000        0x0
                [!provide]                        PROVIDE (__init_array_start = .)
 *(SORT_BY_NAME(.init_array.*))
 *(.init_array)
                [!provide]                        PROVIDE (__init_array_end = .)
                0x000000009d000000                . = ALIGN (0x4)

.fini_array     0x000000009d000000        0x0
                [!provide]                        PROVIDE (__fini_array_start = .)
 *(SORT_BY_NAME(.fini_array.*))
 *(.fini_array)
                [!provide]                        PROVIDE (__fini_array_end = .)
                0x000000009d000000                . = ALIGN (0x4)

.ctors          0x000000009d000000        0x0
 *crtbegin.o(.ctors)
 *crtbegin?.o(.ctors)
 *(EXCLUDE_FILE(*crtend?.o *crtend.o) .ctors)
 *(SORT_BY_NAME(.ctors.*))
 *(.ctors)
                0x000000009d000000                . = ALIGN (0x4)

.dtors          0x000000009d000000        0x0
 *crtbegin.o(.dtors)
 *crtbegin?.o(.dtors)
 *(EXCLUDE_FILE(*crtend?.o *crtend.o) .dtors)
 *(SORT_BY_NAME(.dtors.*))
 *(.dtors)
                0x000000009d000000                . = ALIGN (0x4)

.rodata         0x000000009d000000        0x0
 *(.gnu.linkonce.r.*)
 *(.rodata1)
                0x000000009d000000                . = ALIGN (0x4)

.sdata2         0x000000009d000000        0x0
 *(.sdata2 .sdata2.* .gnu.linkonce.s2.*)
                0x000000009d000000                . = ALIGN (0x4)

.sbss2          0x000000009d000000        0x0
 *(.sbss2 .sbss2.* .gnu.linkonce.sb2.*)
                0x000000009d000000                . = ALIGN (0x4)

.eh_frame_hdr
 *(.eh_frame_hdr)
                0x000000009d000000                . = ALIGN (0x4)

.eh_frame
 *(.eh_frame)
                0x000000009d000000                . = ALIGN (0x4)

.gcc_except_table
 *(.gcc_except_table .gcc_except_table.*)
                0x000000009d000000                . = ALIGN (0x4)

.dbg_data       0x00000000a0000000        0x0
                0x00000000a0000000                . = (. + DEFINED (_DEBUGGER)?0x200:0x0)

.jcr            0x00000000a0000000        0x0
 *(.jcr)
                0x00000000a0000000                . = ALIGN (0x4)

.eh_frame
 *(.eh_frame)
                0x00000000a0000000                . = ALIGN (0x4)

.gcc_except_table
 *(.gcc_except_table .gcc_except_table.*)
                0x00000000a0000000                . = ALIGN (0x4)

.persist        0x00000000a0000000        0x0
                0x00000000a0000000                _persist_begin = .
 *(.persist .persist.*)
                0x00000000a0000000                . = ALIGN (0x4)
                0x00000000a0000000                _persist_end = .

.data           0x00000000a0000000        0x0
 *(.gnu.linkonce.d.*)
 *(.data1)
                0x00000000a0000000                . = ALIGN (0x4)
                0x00000000a0000000                . = .
                0x00000000a0007ff0                _gp = (ALIGN (0x10) + 0x7ff0)

.got            0x00000000a0000000        0x0
 *(.got.plt)
 *(.got)
                0x00000000a0000000                . = ALIGN (0x4)

.sdata          0x00000000a0000000        0x8
                0x00000000a0000000                _sdata_begin = .
 *(.sdata .sdata.* .gnu.linkonce.s.*)
 .sdata         0x00000000a0000000        0x8 build/default/production/Proj3_Template.o
                0x00000000a0000000                count
                0x00000000a0000004                LED
                0x00000000a0000008                . = ALIGN (0x4)
                0x00000000a0000008                _sdata_end = .

.lit8
 *(.lit8)

.lit4
 *(.lit4)
                0x00000000a0000008                . = ALIGN (0x4)
                0x00000000a0000008                _data_end = .
                0x00000000a0000008                _bss_begin = .

.sbss           0x00000000a0000008       0x48
                0x00000000a0000008                _sbss_begin = .
 *(.dynsbss)
 *(.sbss .sbss.* .gnu.linkonce.sb.*)
 .sbss          0x00000000a0000008        0x4 build/default/production/acl.o
                0x00000000a0000008                fGRangeLSB
 .sbss          0x00000000a000000c        0xa build/default/production/rgbled.o
                0x00000000a000000c                bColR
                0x00000000a000000d                bColG
                0x00000000a000000e                bColB
 *fill*         0x00000000a0000016        0x2 
 .sbss          0x00000000a0000018        0x5 build/default/production/ssd.o
                0x00000000a0000018                digits
 *fill*         0x00000000a000001d        0x3 
 .sbss          0x00000000a0000020       0x2d build/default/production/Proj3_Template.o
                0x00000000a0000020                d1
                0x00000000a0000021                d2
                0x00000000a0000022                d3
                0x00000000a0000023                d4
                0x00000000a0000024                va1
                0x00000000a0000028                va2
                0x00000000a000002c                state_led
                0x00000000a0000030                b
                0x00000000a0000034                indx
                0x00000000a0000038                idk_clock
                0x00000000a000003c                match
                0x00000000a000003d                is
                0x00000000a0000040                stored_key
                0x00000000a0000044                k
                0x00000000a0000048                mode
                0x00000000a000004c                new_press
 *(.scommon)
                0x00000000a000004d                _sbss_end = .
                0x00000000a0000050                . = ALIGN (0x4)
 *fill*         0x00000000a000004d        0x3 

.bss            0x00000000a0000050        0x0
 *(.dynbss)
 *(COMMON)
                0x00000000a0000050                . = ALIGN ((. != 0x0)?0x4:0x1)
                0x00000000a0000050                . = ALIGN (0x4)
                0x00000000a0000050                _end = .
                0x00000000a0000050                _bss_end = .
                0x0000000000020000                _bmxdudba_address = LENGTH (kseg1_data_mem)
                0x0000000000020000                _bmxdupba_address = LENGTH (kseg1_data_mem)

/DISCARD/
 *(.pdr)
 *(.rel.dyn)
 *(.note.GNU-stack)
 *(.note.GNU-stack)
 *(.gnu_debuglink)
 *(.gnu.lto_*)
 *(.discard)

.gptab.sdata
 *(.gptab.data)
 *(.gptab.sdata)

.gptab.sbss
 *(.gptab.bss)
 *(.gptab.sbss)

.mdebug.abi32   0x0000000000000000        0x0
 *(.mdebug.abi32)
 .mdebug.abi32  0x0000000000000000        0x0 build/default/production/acl.o
 .mdebug.abi32  0x0000000000000000        0x0 build/default/production/adc.o
 .mdebug.abi32  0x0000000000000000        0x0 build/default/production/i2c.o
 .mdebug.abi32  0x0000000000000000        0x0 build/default/production/lcd.o
 .mdebug.abi32  0x0000000000000000        0x0 build/default/production/led.o
 .mdebug.abi32  0x0000000000000000        0x0 build/default/production/rgbled.o
 .mdebug.abi32  0x0000000000000000        0x0 build/default/production/ssd.o
 .mdebug.abi32  0x0000000000000000        0x0 build/default/production/utils.o
 .mdebug.abi32  0x0000000000000000        0x0 build/default/production/mic.o
 .mdebug.abi32  0x0000000000000000        0x0 build/default/production/Proj3_Template.o
 .mdebug.abi32  0x0000000000000000        0x0 /Applications/microchip/xc32/v4.10/bin/bin/../../lib/gcc/pic32mx/8.3.1/libgcc.a(floatunsisf.o)
 .mdebug.abi32  0x0000000000000000        0x0 /Applications/microchip/xc32/v4.10/bin/bin/../../lib/gcc/pic32mx/8.3.1/../../../../pic32mx/lib/libpic32.a(default-bootstrap-exception-handler.o)
 .mdebug.abi32  0x0000000000000000        0x0 /Applications/microchip/xc32/v4.10/bin/bin/../../lib/gcc/pic32mx/8.3.1/../../../../pic32mx/lib/libpic32.a(default-on-reset.o)
 .mdebug.abi32  0x0000000000000000        0x0 /Applications/microchip/xc32/v4.10/bin/bin/../../lib/gcc/pic32mx/8.3.1/../../../../pic32mx/lib/libpic32.a(default-on-bootstrap.o)
 .mdebug.abi32  0x0000000000000000        0x0 /Applications/microchip/xc32/v4.10/bin/bin/../../lib/gcc/pic32mx/8.3.1/../../../../pic32mx/lib/libpic32.a(default-general-exception-handler.o)
 .mdebug.abi32  0x0000000000000000        0x0 /Applications/microchip/xc32/v4.10/bin/bin/../../lib/gcc/pic32mx/8.3.1/../../../../pic32mx/lib/libpic32.a(defaultinterrupt.o)
 .mdebug.abi32  0x0000000000000000        0x0 /Applications/microchip/xc32/v4.10/bin/bin/../../lib/gcc/pic32mx/8.3.1/../../../../pic32mx/lib/libc-musl.a(rand.o)
 .mdebug.abi32  0x0000000000000000        0x0 /Applications/microchip/xc32/v4.10/bin/bin/../../lib/gcc/pic32mx/8.3.1/../../../../pic32mx/lib/libc-musl.a(__sio_sprintf_doux.o)
 .mdebug.abi32  0x0000000000000000        0x0 /Applications/microchip/xc32/v4.10/bin/bin/../../lib/gcc/pic32mx/8.3.1/../../../../pic32mx/lib/libc-musl.a(__fmt_d.o)
 .mdebug.abi32  0x0000000000000000        0x0 /Applications/microchip/xc32/v4.10/bin/bin/../../lib/gcc/pic32mx/8.3.1/../../../../pic32mx/lib/libc-musl.a(__fmt_o.o)
 .mdebug.abi32  0x0000000000000000        0x0 /Applications/microchip/xc32/v4.10/bin/bin/../../lib/gcc/pic32mx/8.3.1/../../../../pic32mx/lib/libc-musl.a(__fmt_s.o)
 .mdebug.abi32  0x0000000000000000        0x0 /Applications/microchip/xc32/v4.10/bin/bin/../../lib/gcc/pic32mx/8.3.1/../../../../pic32mx/lib/libc-musl.a(__fmt_u.o)
 .mdebug.abi32  0x0000000000000000        0x0 /Applications/microchip/xc32/v4.10/bin/bin/../../lib/gcc/pic32mx/8.3.1/../../../../pic32mx/lib/libc-musl.a(__fmt_x.o)
 .mdebug.abi32  0x0000000000000000        0x0 /Applications/microchip/xc32/v4.10/bin/bin/../../lib/gcc/pic32mx/8.3.1/../../../../pic32mx/lib/libc-musl.a(__printf_core.o)
 .mdebug.abi32  0x0000000000000000        0x0 /Applications/microchip/xc32/v4.10/bin/bin/../../lib/gcc/pic32mx/8.3.1/../../../../pic32mx/lib/libc-musl.a(atoi.o)
 .mdebug.abi32  0x0000000000000000        0x0 /Applications/microchip/xc32/v4.10/bin/bin/../../lib/gcc/pic32mx/8.3.1/../../../../pic32mx/lib/libc-musl.a(memcpy.o)
 .mdebug.abi32  0x0000000000000000        0x0 /Applications/microchip/xc32/v4.10/bin/bin/../../lib/gcc/pic32mx/8.3.1/../../../../pic32mx/lib/libc-musl.a(memset.o)
 .mdebug.abi32  0x0000000000000000        0x0 /Applications/microchip/xc32/v4.10/bin/bin/../../lib/gcc/pic32mx/8.3.1/../../../../pic32mx/lib/libc-musl.a(tolower.o)
 .mdebug.abi32  0x0000000000000000        0x0 /Applications/microchip/xc32/v4.10/bin/bin/../../lib/gcc/pic32mx/8.3.1/../../../../pic32mx/lib/libc-musl.a(toupper.o)
 .mdebug.abi32  0x0000000000000000        0x0 /Applications/microchip/xc32/v4.10/bin/bin/../../lib/gcc/pic32mx/8.3.1/../../../../pic32mx/lib/libc-musl.a(__int_vsprintf.o)
 .mdebug.abi32  0x0000000000000000        0x0 /Applications/microchip/xc32/v4.10/bin/bin/../../lib/gcc/pic32mx/8.3.1/../../../../pic32mx/lib/libc-musl.a(__pop_float.o)
 .mdebug.abi32  0x0000000000000000        0x0 /Applications/microchip/xc32/v4.10/bin/bin/../../lib/gcc/pic32mx/8.3.1/../../../../pic32mx/lib/libc-musl.a(__pop_int.o)
 .mdebug.abi32  0x0000000000000000        0x0 /Applications/microchip/xc32/v4.10/bin/bin/../../lib/gcc/pic32mx/8.3.1/../../../../pic32mx/lib/libc-musl.a(__pop_ptr.o)
 .mdebug.abi32  0x0000000000000000        0x0 /Applications/microchip/xc32/v4.10/bin/bin/../../lib/gcc/pic32mx/8.3.1/../../../../pic32mx/lib/libc-musl.a(__int_vsnprintf.o)
 .mdebug.abi32  0x0000000000000000        0x0 /Applications/microchip/xc32/v4.10/bin/bin/../../lib/gcc/pic32mx/8.3.1/../../../../pic32mx/lib/libc-musl.a(__int_vfprintf.o)
 .mdebug.abi32  0x0000000000000000        0x0 /Applications/microchip/xc32/v4.10/bin/bin/../../lib/gcc/pic32mx/8.3.1/libgcc.a(_udivdi3.o)
 .mdebug.abi32  0x0000000000000000        0x0 /Applications/microchip/xc32/v4.10/bin/bin/../../lib/gcc/pic32mx/8.3.1/libgcc.a(_umoddi3.o)
 .mdebug.abi32  0x0000000000000000        0x0 /Applications/microchip/xc32/v4.10/bin/bin/../../lib/gcc/pic32mx/8.3.1/../../../../pic32mx/lib/libpic32.a(errno.o)

.mdebug.abiN32
 *(.mdebug.abiN32)

.mdebug.abi64
 *(.mdebug.abi64)

.mdebug.abiO64
 *(.mdebug.abiO64)

.mdebug.eabi32
 *(.mdebug.eabi32)

.mdebug.eabi64
 *(.mdebug.eabi64)

.gcc_compiled_long32
 *(.gcc_compiled_long32)

.gcc_compiled_long64
 *(.gcc_compiled_long64)

.stab
 *(.stab)

.stabstr
 *(.stabstr)

.stab.excl
 *(.stab.excl)

.stab.exclstr
 *(.stab.exclstr)

.stab.index
 *(.stab.index)

.stab.indexstr
 *(.stab.indexstr)

.comment        0x0000000000000000       0x44
 *(.comment)
 .comment       0x0000000000000000       0x2b build/default/production/acl.o
                                         0x2c (size before relaxing)
 .comment       0x000000000000002b       0x2c build/default/production/adc.o
 .comment       0x000000000000002b       0x2c build/default/production/i2c.o
 .comment       0x000000000000002b       0x2c build/default/production/lcd.o
 .comment       0x000000000000002b       0x2c build/default/production/led.o
 .comment       0x000000000000002b       0x2c build/default/production/rgbled.o
 .comment       0x000000000000002b       0x2c build/default/production/ssd.o
 .comment       0x000000000000002b       0x2c build/default/production/utils.o
 .comment       0x000000000000002b       0x2c build/default/production/mic.o
 .comment       0x000000000000002b       0x2c build/default/production/Proj3_Template.o
 .comment       0x000000000000002b       0x2c /Applications/microchip/xc32/v4.10/bin/bin/../../lib/gcc/pic32mx/8.3.1/libgcc.a(floatunsisf.o)
 .comment       0x000000000000002b       0x19 /Applications/microchip/xc32/v4.10/bin/bin/../../lib/gcc/pic32mx/8.3.1/../../../../pic32mx/lib/libpic32.a(strlen.o)
                                         0x1a (size before relaxing)
 .comment       0x0000000000000044       0x2c /Applications/microchip/xc32/v4.10/bin/bin/../../lib/gcc/pic32mx/8.3.1/../../../../pic32mx/lib/libpic32.a(default-bootstrap-exception-handler.o)
 .comment       0x0000000000000044       0x2c /Applications/microchip/xc32/v4.10/bin/bin/../../lib/gcc/pic32mx/8.3.1/../../../../pic32mx/lib/libpic32.a(default-on-reset.o)
 .comment       0x0000000000000044       0x2c /Applications/microchip/xc32/v4.10/bin/bin/../../lib/gcc/pic32mx/8.3.1/../../../../pic32mx/lib/libpic32.a(default-on-bootstrap.o)
 .comment       0x0000000000000044       0x2c /Applications/microchip/xc32/v4.10/bin/bin/../../lib/gcc/pic32mx/8.3.1/../../../../pic32mx/lib/libpic32.a(default-general-exception-handler.o)
 .comment       0x0000000000000044       0x2c /Applications/microchip/xc32/v4.10/bin/bin/../../lib/gcc/pic32mx/8.3.1/../../../../pic32mx/lib/libpic32.a(defaultinterrupt.o)
 .comment       0x0000000000000044       0x2c /Applications/microchip/xc32/v4.10/bin/bin/../../lib/gcc/pic32mx/8.3.1/../../../../pic32mx/lib/libc-musl.a(rand.o)
 .comment       0x0000000000000044       0x2c /Applications/microchip/xc32/v4.10/bin/bin/../../lib/gcc/pic32mx/8.3.1/../../../../pic32mx/lib/libc-musl.a(__sio_sprintf_doux.o)
 .comment       0x0000000000000044       0x2c /Applications/microchip/xc32/v4.10/bin/bin/../../lib/gcc/pic32mx/8.3.1/../../../../pic32mx/lib/libc-musl.a(__fmt_d.o)
 .comment       0x0000000000000044       0x2c /Applications/microchip/xc32/v4.10/bin/bin/../../lib/gcc/pic32mx/8.3.1/../../../../pic32mx/lib/libc-musl.a(__fmt_o.o)
 .comment       0x0000000000000044       0x2c /Applications/microchip/xc32/v4.10/bin/bin/../../lib/gcc/pic32mx/8.3.1/../../../../pic32mx/lib/libc-musl.a(__fmt_s.o)
 .comment       0x0000000000000044       0x2c /Applications/microchip/xc32/v4.10/bin/bin/../../lib/gcc/pic32mx/8.3.1/../../../../pic32mx/lib/libc-musl.a(__fmt_u.o)
 .comment       0x0000000000000044       0x2c /Applications/microchip/xc32/v4.10/bin/bin/../../lib/gcc/pic32mx/8.3.1/../../../../pic32mx/lib/libc-musl.a(__fmt_x.o)
 .comment       0x0000000000000044       0x2c /Applications/microchip/xc32/v4.10/bin/bin/../../lib/gcc/pic32mx/8.3.1/../../../../pic32mx/lib/libc-musl.a(__printf_core.o)
 .comment       0x0000000000000044       0x2c /Applications/microchip/xc32/v4.10/bin/bin/../../lib/gcc/pic32mx/8.3.1/../../../../pic32mx/lib/libc-musl.a(atoi.o)
 .comment       0x0000000000000044       0x2c /Applications/microchip/xc32/v4.10/bin/bin/../../lib/gcc/pic32mx/8.3.1/../../../../pic32mx/lib/libc-musl.a(memcpy.o)
 .comment       0x0000000000000044       0x2c /Applications/microchip/xc32/v4.10/bin/bin/../../lib/gcc/pic32mx/8.3.1/../../../../pic32mx/lib/libc-musl.a(memset.o)
 .comment       0x0000000000000044       0x2c /Applications/microchip/xc32/v4.10/bin/bin/../../lib/gcc/pic32mx/8.3.1/../../../../pic32mx/lib/libc-musl.a(tolower.o)
 .comment       0x0000000000000044       0x2c /Applications/microchip/xc32/v4.10/bin/bin/../../lib/gcc/pic32mx/8.3.1/../../../../pic32mx/lib/libc-musl.a(toupper.o)
 .comment       0x0000000000000044       0x2c /Applications/microchip/xc32/v4.10/bin/bin/../../lib/gcc/pic32mx/8.3.1/../../../../pic32mx/lib/libc-musl.a(__int_vsprintf.o)
 .comment       0x0000000000000044       0x2c /Applications/microchip/xc32/v4.10/bin/bin/../../lib/gcc/pic32mx/8.3.1/../../../../pic32mx/lib/libc-musl.a(__pop_float.o)
 .comment       0x0000000000000044       0x2c /Applications/microchip/xc32/v4.10/bin/bin/../../lib/gcc/pic32mx/8.3.1/../../../../pic32mx/lib/libc-musl.a(__pop_int.o)
 .comment       0x0000000000000044       0x2c /Applications/microchip/xc32/v4.10/bin/bin/../../lib/gcc/pic32mx/8.3.1/../../../../pic32mx/lib/libc-musl.a(__pop_ptr.o)
 .comment       0x0000000000000044       0x2c /Applications/microchip/xc32/v4.10/bin/bin/../../lib/gcc/pic32mx/8.3.1/../../../../pic32mx/lib/libc-musl.a(__int_vsnprintf.o)
 .comment       0x0000000000000044       0x2c /Applications/microchip/xc32/v4.10/bin/bin/../../lib/gcc/pic32mx/8.3.1/../../../../pic32mx/lib/libc-musl.a(__int_vfprintf.o)
 .comment       0x0000000000000044       0x2c /Applications/microchip/xc32/v4.10/bin/bin/../../lib/gcc/pic32mx/8.3.1/libgcc.a(_udivdi3.o)
 .comment       0x0000000000000044       0x2c /Applications/microchip/xc32/v4.10/bin/bin/../../lib/gcc/pic32mx/8.3.1/libgcc.a(_umoddi3.o)
 .comment       0x0000000000000044       0x2c /Applications/microchip/xc32/v4.10/bin/bin/../../lib/gcc/pic32mx/8.3.1/../../../../pic32mx/lib/libpic32.a(errno.o)

.debug
 *.elf(.debug)
 *(.debug)

.line
 *.elf(.line)
 *(.line)

.debug_srcinfo
 *.elf(.debug_srcinfo)
 *(.debug_srcinfo)

.debug_sfnames
 *.elf(.debug_sfnames)
 *(.debug_sfnames)

.debug_aranges  0x0000000000000000      0x4f8
 *.elf(.debug_aranges)
 *(.debug_aranges)
 .debug_aranges
                0x0000000000000000       0x20 build/default/production/acl.o
 .debug_aranges
                0x0000000000000020       0x20 build/default/production/adc.o
 .debug_aranges
                0x0000000000000040       0x20 build/default/production/i2c.o
 .debug_aranges
                0x0000000000000060       0x20 build/default/production/lcd.o
 .debug_aranges
                0x0000000000000080       0x20 build/default/production/led.o
 .debug_aranges
                0x00000000000000a0       0x20 build/default/production/rgbled.o
 .debug_aranges
                0x00000000000000c0       0x20 build/default/production/ssd.o
 .debug_aranges
                0x00000000000000e0       0x20 build/default/production/utils.o
 .debug_aranges
                0x0000000000000100       0x20 build/default/production/mic.o
 .debug_aranges
                0x0000000000000120       0x20 build/default/production/Proj3_Template.o
 .debug_aranges
                0x0000000000000140       0x20 /Applications/microchip/xc32/v4.10/bin/bin/../../lib/gcc/pic32mx/8.3.1/libgcc.a(floatunsisf.o)
 .debug_aranges
                0x0000000000000160       0x20 /Applications/microchip/xc32/v4.10/bin/bin/../../lib/gcc/pic32mx/8.3.1/../../../../pic32mx/lib/libpic32.a(default-bootstrap-exception-handler.o)
 .debug_aranges
                0x0000000000000180       0x20 /Applications/microchip/xc32/v4.10/bin/bin/../../lib/gcc/pic32mx/8.3.1/../../../../pic32mx/lib/libpic32.a(default-on-reset.o)
 .debug_aranges
                0x00000000000001a0       0x20 /Applications/microchip/xc32/v4.10/bin/bin/../../lib/gcc/pic32mx/8.3.1/../../../../pic32mx/lib/libpic32.a(default-on-bootstrap.o)
 .debug_aranges
                0x00000000000001c0       0x20 /Applications/microchip/xc32/v4.10/bin/bin/../../lib/gcc/pic32mx/8.3.1/../../../../pic32mx/lib/libpic32.a(default-general-exception-handler.o)
 .debug_aranges
                0x00000000000001e0       0x20 /Applications/microchip/xc32/v4.10/bin/bin/../../lib/gcc/pic32mx/8.3.1/../../../../pic32mx/lib/libpic32.a(defaultinterrupt.o)
 .debug_aranges
                0x0000000000000200       0x28 /Applications/microchip/xc32/v4.10/bin/bin/../../lib/gcc/pic32mx/8.3.1/../../../../pic32mx/lib/libc-musl.a(rand.o)
 .debug_aranges
                0x0000000000000228       0x28 /Applications/microchip/xc32/v4.10/bin/bin/../../lib/gcc/pic32mx/8.3.1/../../../../pic32mx/lib/libc-musl.a(__sio_sprintf_doux.o)
 .debug_aranges
                0x0000000000000250       0x20 /Applications/microchip/xc32/v4.10/bin/bin/../../lib/gcc/pic32mx/8.3.1/../../../../pic32mx/lib/libc-musl.a(__fmt_d.o)
 .debug_aranges
                0x0000000000000270       0x20 /Applications/microchip/xc32/v4.10/bin/bin/../../lib/gcc/pic32mx/8.3.1/../../../../pic32mx/lib/libc-musl.a(__fmt_o.o)
 .debug_aranges
                0x0000000000000290       0x20 /Applications/microchip/xc32/v4.10/bin/bin/../../lib/gcc/pic32mx/8.3.1/../../../../pic32mx/lib/libc-musl.a(__fmt_s.o)
 .debug_aranges
                0x00000000000002b0       0x28 /Applications/microchip/xc32/v4.10/bin/bin/../../lib/gcc/pic32mx/8.3.1/../../../../pic32mx/lib/libc-musl.a(__fmt_u.o)
 .debug_aranges
                0x00000000000002d8       0x20 /Applications/microchip/xc32/v4.10/bin/bin/../../lib/gcc/pic32mx/8.3.1/../../../../pic32mx/lib/libc-musl.a(__fmt_x.o)
 .debug_aranges
                0x00000000000002f8       0x50 /Applications/microchip/xc32/v4.10/bin/bin/../../lib/gcc/pic32mx/8.3.1/../../../../pic32mx/lib/libc-musl.a(__printf_core.o)
 .debug_aranges
                0x0000000000000348       0x20 /Applications/microchip/xc32/v4.10/bin/bin/../../lib/gcc/pic32mx/8.3.1/../../../../pic32mx/lib/libc-musl.a(atoi.o)
 .debug_aranges
                0x0000000000000368       0x20 /Applications/microchip/xc32/v4.10/bin/bin/../../lib/gcc/pic32mx/8.3.1/../../../../pic32mx/lib/libc-musl.a(memcpy.o)
 .debug_aranges
                0x0000000000000388       0x20 /Applications/microchip/xc32/v4.10/bin/bin/../../lib/gcc/pic32mx/8.3.1/../../../../pic32mx/lib/libc-musl.a(memset.o)
 .debug_aranges
                0x00000000000003a8       0x28 /Applications/microchip/xc32/v4.10/bin/bin/../../lib/gcc/pic32mx/8.3.1/../../../../pic32mx/lib/libc-musl.a(tolower.o)
 .debug_aranges
                0x00000000000003d0       0x28 /Applications/microchip/xc32/v4.10/bin/bin/../../lib/gcc/pic32mx/8.3.1/../../../../pic32mx/lib/libc-musl.a(toupper.o)
 .debug_aranges
                0x00000000000003f8       0x20 /Applications/microchip/xc32/v4.10/bin/bin/../../lib/gcc/pic32mx/8.3.1/../../../../pic32mx/lib/libc-musl.a(__int_vsprintf.o)
 .debug_aranges
                0x0000000000000418       0x20 /Applications/microchip/xc32/v4.10/bin/bin/../../lib/gcc/pic32mx/8.3.1/../../../../pic32mx/lib/libc-musl.a(__pop_float.o)
 .debug_aranges
                0x0000000000000438       0x20 /Applications/microchip/xc32/v4.10/bin/bin/../../lib/gcc/pic32mx/8.3.1/../../../../pic32mx/lib/libc-musl.a(__pop_int.o)
 .debug_aranges
                0x0000000000000458       0x20 /Applications/microchip/xc32/v4.10/bin/bin/../../lib/gcc/pic32mx/8.3.1/../../../../pic32mx/lib/libc-musl.a(__pop_ptr.o)
 .debug_aranges
                0x0000000000000478       0x20 /Applications/microchip/xc32/v4.10/bin/bin/../../lib/gcc/pic32mx/8.3.1/../../../../pic32mx/lib/libc-musl.a(__int_vsnprintf.o)
 .debug_aranges
                0x0000000000000498       0x20 /Applications/microchip/xc32/v4.10/bin/bin/../../lib/gcc/pic32mx/8.3.1/../../../../pic32mx/lib/libc-musl.a(__int_vfprintf.o)
 .debug_aranges
                0x00000000000004b8       0x20 /Applications/microchip/xc32/v4.10/bin/bin/../../lib/gcc/pic32mx/8.3.1/libgcc.a(_udivdi3.o)
 .debug_aranges
                0x00000000000004d8       0x20 /Applications/microchip/xc32/v4.10/bin/bin/../../lib/gcc/pic32mx/8.3.1/libgcc.a(_umoddi3.o)

.debug_pubnames
 *.elf(.debug_pubnames)
 *(.debug_pubnames)

.debug_info     0x0000000000000000     0xab47
 *.elf(.debug_info .gnu.linkonce.wi.*)
 *(.debug_info .gnu.linkonce.wi.*)
 .debug_info    0x0000000000000000      0x5d8 build/default/production/acl.o
 .debug_info    0x00000000000005d8      0x71b build/default/production/adc.o
 .debug_info    0x0000000000000cf3      0x578 build/default/production/i2c.o
 .debug_info    0x000000000000126b      0xc89 build/default/production/lcd.o
 .debug_info    0x0000000000001ef4      0x2af build/default/production/led.o
 .debug_info    0x00000000000021a3      0xebc build/default/production/rgbled.o
 .debug_info    0x000000000000305f     0x1a34 build/default/production/ssd.o
 .debug_info    0x0000000000004a93       0xa5 build/default/production/utils.o
 .debug_info    0x0000000000004b38      0x3e2 build/default/production/mic.o
 .debug_info    0x0000000000004f1a     0x226d build/default/production/Proj3_Template.o
 .debug_info    0x0000000000007187       0x9d /Applications/microchip/xc32/v4.10/bin/bin/../../lib/gcc/pic32mx/8.3.1/libgcc.a(floatunsisf.o)
 .debug_info    0x0000000000007224       0x41 /Applications/microchip/xc32/v4.10/bin/bin/../../lib/gcc/pic32mx/8.3.1/../../../../pic32mx/lib/libpic32.a(default-bootstrap-exception-handler.o)
 .debug_info    0x0000000000007265       0x3f /Applications/microchip/xc32/v4.10/bin/bin/../../lib/gcc/pic32mx/8.3.1/../../../../pic32mx/lib/libpic32.a(default-on-reset.o)
 .debug_info    0x00000000000072a4       0x3f /Applications/microchip/xc32/v4.10/bin/bin/../../lib/gcc/pic32mx/8.3.1/../../../../pic32mx/lib/libpic32.a(default-on-bootstrap.o)
 .debug_info    0x00000000000072e3       0x41 /Applications/microchip/xc32/v4.10/bin/bin/../../lib/gcc/pic32mx/8.3.1/../../../../pic32mx/lib/libpic32.a(default-general-exception-handler.o)
 .debug_info    0x0000000000007324       0x40 /Applications/microchip/xc32/v4.10/bin/bin/../../lib/gcc/pic32mx/8.3.1/../../../../pic32mx/lib/libpic32.a(defaultinterrupt.o)
 .debug_info    0x0000000000007364       0xd0 /Applications/microchip/xc32/v4.10/bin/bin/../../lib/gcc/pic32mx/8.3.1/../../../../pic32mx/lib/libc-musl.a(rand.o)
 .debug_info    0x0000000000007434      0x1b9 /Applications/microchip/xc32/v4.10/bin/bin/../../lib/gcc/pic32mx/8.3.1/../../../../pic32mx/lib/libc-musl.a(__sio_sprintf_doux.o)
 .debug_info    0x00000000000075ed      0x327 /Applications/microchip/xc32/v4.10/bin/bin/../../lib/gcc/pic32mx/8.3.1/../../../../pic32mx/lib/libc-musl.a(__fmt_d.o)
 .debug_info    0x0000000000007914      0x2f8 /Applications/microchip/xc32/v4.10/bin/bin/../../lib/gcc/pic32mx/8.3.1/../../../../pic32mx/lib/libc-musl.a(__fmt_o.o)
 .debug_info    0x0000000000007c0c      0x2a9 /Applications/microchip/xc32/v4.10/bin/bin/../../lib/gcc/pic32mx/8.3.1/../../../../pic32mx/lib/libc-musl.a(__fmt_s.o)
 .debug_info    0x0000000000007eb5      0x3cb /Applications/microchip/xc32/v4.10/bin/bin/../../lib/gcc/pic32mx/8.3.1/../../../../pic32mx/lib/libc-musl.a(__fmt_u.o)
 .debug_info    0x0000000000008280      0x322 /Applications/microchip/xc32/v4.10/bin/bin/../../lib/gcc/pic32mx/8.3.1/../../../../pic32mx/lib/libc-musl.a(__fmt_x.o)
 .debug_info    0x00000000000085a2      0x9ee /Applications/microchip/xc32/v4.10/bin/bin/../../lib/gcc/pic32mx/8.3.1/../../../../pic32mx/lib/libc-musl.a(__printf_core.o)
 .debug_info    0x0000000000008f90       0xee /Applications/microchip/xc32/v4.10/bin/bin/../../lib/gcc/pic32mx/8.3.1/../../../../pic32mx/lib/libc-musl.a(atoi.o)
 .debug_info    0x000000000000907e       0xf1 /Applications/microchip/xc32/v4.10/bin/bin/../../lib/gcc/pic32mx/8.3.1/../../../../pic32mx/lib/libc-musl.a(memcpy.o)
 .debug_info    0x000000000000916f       0xba /Applications/microchip/xc32/v4.10/bin/bin/../../lib/gcc/pic32mx/8.3.1/../../../../pic32mx/lib/libc-musl.a(memset.o)
 .debug_info    0x0000000000009229      0x11b /Applications/microchip/xc32/v4.10/bin/bin/../../lib/gcc/pic32mx/8.3.1/../../../../pic32mx/lib/libc-musl.a(tolower.o)
 .debug_info    0x0000000000009344      0x11b /Applications/microchip/xc32/v4.10/bin/bin/../../lib/gcc/pic32mx/8.3.1/../../../../pic32mx/lib/libc-musl.a(toupper.o)
 .debug_info    0x000000000000945f      0x127 /Applications/microchip/xc32/v4.10/bin/bin/../../lib/gcc/pic32mx/8.3.1/../../../../pic32mx/lib/libc-musl.a(__int_vsprintf.o)
 .debug_info    0x0000000000009586      0x134 /Applications/microchip/xc32/v4.10/bin/bin/../../lib/gcc/pic32mx/8.3.1/../../../../pic32mx/lib/libc-musl.a(__pop_float.o)
 .debug_info    0x00000000000096ba      0x14e /Applications/microchip/xc32/v4.10/bin/bin/../../lib/gcc/pic32mx/8.3.1/../../../../pic32mx/lib/libc-musl.a(__pop_int.o)
 .debug_info    0x0000000000009808      0x15e /Applications/microchip/xc32/v4.10/bin/bin/../../lib/gcc/pic32mx/8.3.1/../../../../pic32mx/lib/libc-musl.a(__pop_ptr.o)
 .debug_info    0x0000000000009966      0x1f5 /Applications/microchip/xc32/v4.10/bin/bin/../../lib/gcc/pic32mx/8.3.1/../../../../pic32mx/lib/libc-musl.a(__int_vsnprintf.o)
 .debug_info    0x0000000000009b5b      0x1e0 /Applications/microchip/xc32/v4.10/bin/bin/../../lib/gcc/pic32mx/8.3.1/../../../../pic32mx/lib/libc-musl.a(__int_vfprintf.o)
 .debug_info    0x0000000000009d3b      0x6ca /Applications/microchip/xc32/v4.10/bin/bin/../../lib/gcc/pic32mx/8.3.1/libgcc.a(_udivdi3.o)
 .debug_info    0x000000000000a405      0x742 /Applications/microchip/xc32/v4.10/bin/bin/../../lib/gcc/pic32mx/8.3.1/libgcc.a(_umoddi3.o)

.debug_abbrev   0x0000000000000000     0x2852
 *.elf(.debug_abbrev)
 *(.debug_abbrev)
 .debug_abbrev  0x0000000000000000      0x1f1 build/default/production/acl.o
 .debug_abbrev  0x00000000000001f1      0x114 build/default/production/adc.o
 .debug_abbrev  0x0000000000000305      0x137 build/default/production/i2c.o
 .debug_abbrev  0x000000000000043c      0x1c7 build/default/production/lcd.o
 .debug_abbrev  0x0000000000000603      0x144 build/default/production/led.o
 .debug_abbrev  0x0000000000000747      0x1db build/default/production/rgbled.o
 .debug_abbrev  0x0000000000000922      0x26f build/default/production/ssd.o
 .debug_abbrev  0x0000000000000b91       0x66 build/default/production/utils.o
 .debug_abbrev  0x0000000000000bf7       0xf3 build/default/production/mic.o
 .debug_abbrev  0x0000000000000cea      0x1dc build/default/production/Proj3_Template.o
 .debug_abbrev  0x0000000000000ec6       0x7d /Applications/microchip/xc32/v4.10/bin/bin/../../lib/gcc/pic32mx/8.3.1/libgcc.a(floatunsisf.o)
 .debug_abbrev  0x0000000000000f43       0x31 /Applications/microchip/xc32/v4.10/bin/bin/../../lib/gcc/pic32mx/8.3.1/../../../../pic32mx/lib/libpic32.a(default-bootstrap-exception-handler.o)
 .debug_abbrev  0x0000000000000f74       0x2e /Applications/microchip/xc32/v4.10/bin/bin/../../lib/gcc/pic32mx/8.3.1/../../../../pic32mx/lib/libpic32.a(default-on-reset.o)
 .debug_abbrev  0x0000000000000fa2       0x2e /Applications/microchip/xc32/v4.10/bin/bin/../../lib/gcc/pic32mx/8.3.1/../../../../pic32mx/lib/libpic32.a(default-on-bootstrap.o)
 .debug_abbrev  0x0000000000000fd0       0x31 /Applications/microchip/xc32/v4.10/bin/bin/../../lib/gcc/pic32mx/8.3.1/../../../../pic32mx/lib/libpic32.a(default-general-exception-handler.o)
 .debug_abbrev  0x0000000000001001       0x31 /Applications/microchip/xc32/v4.10/bin/bin/../../lib/gcc/pic32mx/8.3.1/../../../../pic32mx/lib/libpic32.a(defaultinterrupt.o)
 .debug_abbrev  0x0000000000001032       0x96 /Applications/microchip/xc32/v4.10/bin/bin/../../lib/gcc/pic32mx/8.3.1/../../../../pic32mx/lib/libc-musl.a(rand.o)
 .debug_abbrev  0x00000000000010c8      0x100 /Applications/microchip/xc32/v4.10/bin/bin/../../lib/gcc/pic32mx/8.3.1/../../../../pic32mx/lib/libc-musl.a(__sio_sprintf_doux.o)
 .debug_abbrev  0x00000000000011c8      0x161 /Applications/microchip/xc32/v4.10/bin/bin/../../lib/gcc/pic32mx/8.3.1/../../../../pic32mx/lib/libc-musl.a(__fmt_d.o)
 .debug_abbrev  0x0000000000001329      0x161 /Applications/microchip/xc32/v4.10/bin/bin/../../lib/gcc/pic32mx/8.3.1/../../../../pic32mx/lib/libc-musl.a(__fmt_o.o)
 .debug_abbrev  0x000000000000148a      0x14c /Applications/microchip/xc32/v4.10/bin/bin/../../lib/gcc/pic32mx/8.3.1/../../../../pic32mx/lib/libc-musl.a(__fmt_s.o)
 .debug_abbrev  0x00000000000015d6      0x193 /Applications/microchip/xc32/v4.10/bin/bin/../../lib/gcc/pic32mx/8.3.1/../../../../pic32mx/lib/libc-musl.a(__fmt_u.o)
 .debug_abbrev  0x0000000000001769      0x150 /Applications/microchip/xc32/v4.10/bin/bin/../../lib/gcc/pic32mx/8.3.1/../../../../pic32mx/lib/libc-musl.a(__fmt_x.o)
 .debug_abbrev  0x00000000000018b9      0x318 /Applications/microchip/xc32/v4.10/bin/bin/../../lib/gcc/pic32mx/8.3.1/../../../../pic32mx/lib/libc-musl.a(__printf_core.o)
 .debug_abbrev  0x0000000000001bd1       0xc4 /Applications/microchip/xc32/v4.10/bin/bin/../../lib/gcc/pic32mx/8.3.1/../../../../pic32mx/lib/libc-musl.a(atoi.o)
 .debug_abbrev  0x0000000000001c95       0xbb /Applications/microchip/xc32/v4.10/bin/bin/../../lib/gcc/pic32mx/8.3.1/../../../../pic32mx/lib/libc-musl.a(memcpy.o)
 .debug_abbrev  0x0000000000001d50       0xa2 /Applications/microchip/xc32/v4.10/bin/bin/../../lib/gcc/pic32mx/8.3.1/../../../../pic32mx/lib/libc-musl.a(memset.o)
 .debug_abbrev  0x0000000000001df2       0xf1 /Applications/microchip/xc32/v4.10/bin/bin/../../lib/gcc/pic32mx/8.3.1/../../../../pic32mx/lib/libc-musl.a(tolower.o)
 .debug_abbrev  0x0000000000001ee3       0xf1 /Applications/microchip/xc32/v4.10/bin/bin/../../lib/gcc/pic32mx/8.3.1/../../../../pic32mx/lib/libc-musl.a(toupper.o)
 .debug_abbrev  0x0000000000001fd4       0xb1 /Applications/microchip/xc32/v4.10/bin/bin/../../lib/gcc/pic32mx/8.3.1/../../../../pic32mx/lib/libc-musl.a(__int_vsprintf.o)
 .debug_abbrev  0x0000000000002085       0xc3 /Applications/microchip/xc32/v4.10/bin/bin/../../lib/gcc/pic32mx/8.3.1/../../../../pic32mx/lib/libc-musl.a(__pop_float.o)
 .debug_abbrev  0x0000000000002148       0xc3 /Applications/microchip/xc32/v4.10/bin/bin/../../lib/gcc/pic32mx/8.3.1/../../../../pic32mx/lib/libc-musl.a(__pop_int.o)
 .debug_abbrev  0x000000000000220b       0xd7 /Applications/microchip/xc32/v4.10/bin/bin/../../lib/gcc/pic32mx/8.3.1/../../../../pic32mx/lib/libc-musl.a(__pop_ptr.o)
 .debug_abbrev  0x00000000000022e2      0x13a /Applications/microchip/xc32/v4.10/bin/bin/../../lib/gcc/pic32mx/8.3.1/../../../../pic32mx/lib/libc-musl.a(__int_vsnprintf.o)
 .debug_abbrev  0x000000000000241c      0x118 /Applications/microchip/xc32/v4.10/bin/bin/../../lib/gcc/pic32mx/8.3.1/../../../../pic32mx/lib/libc-musl.a(__int_vfprintf.o)
 .debug_abbrev  0x0000000000002534      0x184 /Applications/microchip/xc32/v4.10/bin/bin/../../lib/gcc/pic32mx/8.3.1/libgcc.a(_udivdi3.o)
 .debug_abbrev  0x00000000000026b8      0x19a /Applications/microchip/xc32/v4.10/bin/bin/../../lib/gcc/pic32mx/8.3.1/libgcc.a(_umoddi3.o)

.debug_line     0x0000000000000000     0x5061
 *.elf(.debug_line)
 *(.debug_line)
 .debug_line    0x0000000000000000      0x214 build/default/production/acl.o
 .debug_line    0x0000000000000214      0x16e build/default/production/adc.o
 .debug_line    0x0000000000000382      0x2bf build/default/production/i2c.o
 .debug_line    0x0000000000000641      0x280 build/default/production/lcd.o
 .debug_line    0x00000000000008c1      0x195 build/default/production/led.o
 .debug_line    0x0000000000000a56      0x1e7 build/default/production/rgbled.o
 .debug_line    0x0000000000000c3d      0x281 build/default/production/ssd.o
 .debug_line    0x0000000000000ebe       0x96 build/default/production/utils.o
 .debug_line    0x0000000000000f54      0x145 build/default/production/mic.o
 .debug_line    0x0000000000001099      0xa92 build/default/production/Proj3_Template.o
 .debug_line    0x0000000000001b2b       0xbc /Applications/microchip/xc32/v4.10/bin/bin/../../lib/gcc/pic32mx/8.3.1/libgcc.a(floatunsisf.o)
 .debug_line    0x0000000000001be7       0xcc /Applications/microchip/xc32/v4.10/bin/bin/../../lib/gcc/pic32mx/8.3.1/../../../../pic32mx/lib/libpic32.a(default-bootstrap-exception-handler.o)
 .debug_line    0x0000000000001cb3       0xa8 /Applications/microchip/xc32/v4.10/bin/bin/../../lib/gcc/pic32mx/8.3.1/../../../../pic32mx/lib/libpic32.a(default-on-reset.o)
 .debug_line    0x0000000000001d5b       0xac /Applications/microchip/xc32/v4.10/bin/bin/../../lib/gcc/pic32mx/8.3.1/../../../../pic32mx/lib/libpic32.a(default-on-bootstrap.o)
 .debug_line    0x0000000000001e07       0xca /Applications/microchip/xc32/v4.10/bin/bin/../../lib/gcc/pic32mx/8.3.1/../../../../pic32mx/lib/libpic32.a(default-general-exception-handler.o)
 .debug_line    0x0000000000001ed1       0xcb /Applications/microchip/xc32/v4.10/bin/bin/../../lib/gcc/pic32mx/8.3.1/../../../../pic32mx/lib/libpic32.a(defaultinterrupt.o)
 .debug_line    0x0000000000001f9c      0x14a /Applications/microchip/xc32/v4.10/bin/bin/../../lib/gcc/pic32mx/8.3.1/../../../../pic32mx/lib/libc-musl.a(rand.o)
 .debug_line    0x00000000000020e6      0x1f8 /Applications/microchip/xc32/v4.10/bin/bin/../../lib/gcc/pic32mx/8.3.1/../../../../pic32mx/lib/libc-musl.a(__sio_sprintf_doux.o)
 .debug_line    0x00000000000022de      0x26f /Applications/microchip/xc32/v4.10/bin/bin/../../lib/gcc/pic32mx/8.3.1/../../../../pic32mx/lib/libc-musl.a(__fmt_d.o)
 .debug_line    0x000000000000254d      0x217 /Applications/microchip/xc32/v4.10/bin/bin/../../lib/gcc/pic32mx/8.3.1/../../../../pic32mx/lib/libc-musl.a(__fmt_o.o)
 .debug_line    0x0000000000002764      0x266 /Applications/microchip/xc32/v4.10/bin/bin/../../lib/gcc/pic32mx/8.3.1/../../../../pic32mx/lib/libc-musl.a(__fmt_s.o)
 .debug_line    0x00000000000029ca      0x2ad /Applications/microchip/xc32/v4.10/bin/bin/../../lib/gcc/pic32mx/8.3.1/../../../../pic32mx/lib/libc-musl.a(__fmt_u.o)
 .debug_line    0x0000000000002c77      0x33a /Applications/microchip/xc32/v4.10/bin/bin/../../lib/gcc/pic32mx/8.3.1/../../../../pic32mx/lib/libc-musl.a(__fmt_x.o)
 .debug_line    0x0000000000002fb1      0x710 /Applications/microchip/xc32/v4.10/bin/bin/../../lib/gcc/pic32mx/8.3.1/../../../../pic32mx/lib/libc-musl.a(__printf_core.o)
 .debug_line    0x00000000000036c1      0x181 /Applications/microchip/xc32/v4.10/bin/bin/../../lib/gcc/pic32mx/8.3.1/../../../../pic32mx/lib/libc-musl.a(atoi.o)
 .debug_line    0x0000000000003842      0x13e /Applications/microchip/xc32/v4.10/bin/bin/../../lib/gcc/pic32mx/8.3.1/../../../../pic32mx/lib/libc-musl.a(memcpy.o)
 .debug_line    0x0000000000003980      0x135 /Applications/microchip/xc32/v4.10/bin/bin/../../lib/gcc/pic32mx/8.3.1/../../../../pic32mx/lib/libc-musl.a(memset.o)
 .debug_line    0x0000000000003ab5      0x1c1 /Applications/microchip/xc32/v4.10/bin/bin/../../lib/gcc/pic32mx/8.3.1/../../../../pic32mx/lib/libc-musl.a(tolower.o)
 .debug_line    0x0000000000003c76      0x1c1 /Applications/microchip/xc32/v4.10/bin/bin/../../lib/gcc/pic32mx/8.3.1/../../../../pic32mx/lib/libc-musl.a(toupper.o)
 .debug_line    0x0000000000003e37      0x1ab /Applications/microchip/xc32/v4.10/bin/bin/../../lib/gcc/pic32mx/8.3.1/../../../../pic32mx/lib/libc-musl.a(__int_vsprintf.o)
 .debug_line    0x0000000000003fe2      0x1bb /Applications/microchip/xc32/v4.10/bin/bin/../../lib/gcc/pic32mx/8.3.1/../../../../pic32mx/lib/libc-musl.a(__pop_float.o)
 .debug_line    0x000000000000419d      0x25a /Applications/microchip/xc32/v4.10/bin/bin/../../lib/gcc/pic32mx/8.3.1/../../../../pic32mx/lib/libc-musl.a(__pop_int.o)
 .debug_line    0x00000000000043f7      0x212 /Applications/microchip/xc32/v4.10/bin/bin/../../lib/gcc/pic32mx/8.3.1/../../../../pic32mx/lib/libc-musl.a(__pop_ptr.o)
 .debug_line    0x0000000000004609      0x274 /Applications/microchip/xc32/v4.10/bin/bin/../../lib/gcc/pic32mx/8.3.1/../../../../pic32mx/lib/libc-musl.a(__int_vsnprintf.o)
 .debug_line    0x000000000000487d      0x1c9 /Applications/microchip/xc32/v4.10/bin/bin/../../lib/gcc/pic32mx/8.3.1/../../../../pic32mx/lib/libc-musl.a(__int_vfprintf.o)
 .debug_line    0x0000000000004a46      0x2e9 /Applications/microchip/xc32/v4.10/bin/bin/../../lib/gcc/pic32mx/8.3.1/libgcc.a(_udivdi3.o)
 .debug_line    0x0000000000004d2f      0x332 /Applications/microchip/xc32/v4.10/bin/bin/../../lib/gcc/pic32mx/8.3.1/libgcc.a(_umoddi3.o)
 .debug_line    0x0000000000005061        0x0 /Applications/microchip/xc32/v4.10/bin/bin/../../lib/gcc/pic32mx/8.3.1/../../../../pic32mx/lib/libpic32.a(errno.o)

.debug_frame    0x0000000000000000      0xf2c
 *.elf(.debug_frame)
 *(.debug_frame)
 .debug_frame   0x0000000000000000      0x170 build/default/production/acl.o
 .debug_frame   0x0000000000000170       0x50 build/default/production/adc.o
 .debug_frame   0x00000000000001c0       0x98 build/default/production/i2c.o
 .debug_frame   0x0000000000000258      0x24c build/default/production/lcd.o
 .debug_frame   0x00000000000004a4       0xb8 build/default/production/led.o
 .debug_frame   0x000000000000055c      0x114 build/default/production/rgbled.o
 .debug_frame   0x0000000000000670      0x134 build/default/production/ssd.o
 .debug_frame   0x00000000000007a4       0x30 build/default/production/utils.o
 .debug_frame   0x00000000000007d4       0x78 build/default/production/mic.o
 .debug_frame   0x000000000000084c      0x178 build/default/production/Proj3_Template.o
 .debug_frame   0x00000000000009c4       0x2c /Applications/microchip/xc32/v4.10/bin/bin/../../lib/gcc/pic32mx/8.3.1/libgcc.a(floatunsisf.o)
 .debug_frame   0x00000000000009f0       0x2c /Applications/microchip/xc32/v4.10/bin/bin/../../lib/gcc/pic32mx/8.3.1/../../../../pic32mx/lib/libpic32.a(default-bootstrap-exception-handler.o)
 .debug_frame   0x0000000000000a1c       0x20 /Applications/microchip/xc32/v4.10/bin/bin/../../lib/gcc/pic32mx/8.3.1/../../../../pic32mx/lib/libpic32.a(default-on-reset.o)
 .debug_frame   0x0000000000000a3c       0x20 /Applications/microchip/xc32/v4.10/bin/bin/../../lib/gcc/pic32mx/8.3.1/../../../../pic32mx/lib/libpic32.a(default-on-bootstrap.o)
 .debug_frame   0x0000000000000a5c       0x2c /Applications/microchip/xc32/v4.10/bin/bin/../../lib/gcc/pic32mx/8.3.1/../../../../pic32mx/lib/libpic32.a(default-general-exception-handler.o)
 .debug_frame   0x0000000000000a88       0x20 /Applications/microchip/xc32/v4.10/bin/bin/../../lib/gcc/pic32mx/8.3.1/../../../../pic32mx/lib/libpic32.a(defaultinterrupt.o)
 .debug_frame   0x0000000000000aa8       0x30 /Applications/microchip/xc32/v4.10/bin/bin/../../lib/gcc/pic32mx/8.3.1/../../../../pic32mx/lib/libc-musl.a(rand.o)
 .debug_frame   0x0000000000000ad8       0x48 /Applications/microchip/xc32/v4.10/bin/bin/../../lib/gcc/pic32mx/8.3.1/../../../../pic32mx/lib/libc-musl.a(__sio_sprintf_doux.o)
 .debug_frame   0x0000000000000b20       0x38 /Applications/microchip/xc32/v4.10/bin/bin/../../lib/gcc/pic32mx/8.3.1/../../../../pic32mx/lib/libc-musl.a(__fmt_d.o)
 .debug_frame   0x0000000000000b58       0x34 /Applications/microchip/xc32/v4.10/bin/bin/../../lib/gcc/pic32mx/8.3.1/../../../../pic32mx/lib/libc-musl.a(__fmt_o.o)
 .debug_frame   0x0000000000000b8c       0x34 /Applications/microchip/xc32/v4.10/bin/bin/../../lib/gcc/pic32mx/8.3.1/../../../../pic32mx/lib/libc-musl.a(__fmt_s.o)
 .debug_frame   0x0000000000000bc0       0x64 /Applications/microchip/xc32/v4.10/bin/bin/../../lib/gcc/pic32mx/8.3.1/../../../../pic32mx/lib/libc-musl.a(__fmt_u.o)
 .debug_frame   0x0000000000000c24       0x40 /Applications/microchip/xc32/v4.10/bin/bin/../../lib/gcc/pic32mx/8.3.1/../../../../pic32mx/lib/libc-musl.a(__fmt_x.o)
 .debug_frame   0x0000000000000c64       0xcc /Applications/microchip/xc32/v4.10/bin/bin/../../lib/gcc/pic32mx/8.3.1/../../../../pic32mx/lib/libc-musl.a(__printf_core.o)
 .debug_frame   0x0000000000000d30       0x20 /Applications/microchip/xc32/v4.10/bin/bin/../../lib/gcc/pic32mx/8.3.1/../../../../pic32mx/lib/libc-musl.a(atoi.o)
 .debug_frame   0x0000000000000d50       0x20 /Applications/microchip/xc32/v4.10/bin/bin/../../lib/gcc/pic32mx/8.3.1/../../../../pic32mx/lib/libc-musl.a(memcpy.o)
 .debug_frame   0x0000000000000d70       0x20 /Applications/microchip/xc32/v4.10/bin/bin/../../lib/gcc/pic32mx/8.3.1/../../../../pic32mx/lib/libc-musl.a(memset.o)
 .debug_frame   0x0000000000000d90       0x3c /Applications/microchip/xc32/v4.10/bin/bin/../../lib/gcc/pic32mx/8.3.1/../../../../pic32mx/lib/libc-musl.a(tolower.o)
 .debug_frame   0x0000000000000dcc       0x3c /Applications/microchip/xc32/v4.10/bin/bin/../../lib/gcc/pic32mx/8.3.1/../../../../pic32mx/lib/libc-musl.a(toupper.o)
 .debug_frame   0x0000000000000e08       0x2c /Applications/microchip/xc32/v4.10/bin/bin/../../lib/gcc/pic32mx/8.3.1/../../../../pic32mx/lib/libc-musl.a(__int_vsprintf.o)
 .debug_frame   0x0000000000000e34       0x20 /Applications/microchip/xc32/v4.10/bin/bin/../../lib/gcc/pic32mx/8.3.1/../../../../pic32mx/lib/libc-musl.a(__pop_float.o)
 .debug_frame   0x0000000000000e54       0x20 /Applications/microchip/xc32/v4.10/bin/bin/../../lib/gcc/pic32mx/8.3.1/../../../../pic32mx/lib/libc-musl.a(__pop_int.o)
 .debug_frame   0x0000000000000e74       0x20 /Applications/microchip/xc32/v4.10/bin/bin/../../lib/gcc/pic32mx/8.3.1/../../../../pic32mx/lib/libc-musl.a(__pop_ptr.o)
 .debug_frame   0x0000000000000e94       0x2c /Applications/microchip/xc32/v4.10/bin/bin/../../lib/gcc/pic32mx/8.3.1/../../../../pic32mx/lib/libc-musl.a(__int_vsnprintf.o)
 .debug_frame   0x0000000000000ec0       0x2c /Applications/microchip/xc32/v4.10/bin/bin/../../lib/gcc/pic32mx/8.3.1/../../../../pic32mx/lib/libc-musl.a(__int_vfprintf.o)
 .debug_frame   0x0000000000000eec       0x20 /Applications/microchip/xc32/v4.10/bin/bin/../../lib/gcc/pic32mx/8.3.1/libgcc.a(_udivdi3.o)
 .debug_frame   0x0000000000000f0c       0x20 /Applications/microchip/xc32/v4.10/bin/bin/../../lib/gcc/pic32mx/8.3.1/libgcc.a(_umoddi3.o)

.debug_str      0x0000000000000000     0xa2a8
 *.elf(.debug_str)
 *(.debug_str)
 .debug_str     0x0000000000000000      0x488 build/default/production/acl.o
 .debug_str     0x0000000000000488      0x4a8 build/default/production/adc.o
 .debug_str     0x0000000000000930      0x402 build/default/production/i2c.o
 .debug_str     0x0000000000000d32      0x71b build/default/production/lcd.o
 .debug_str     0x000000000000144d      0x35b build/default/production/led.o
 .debug_str     0x00000000000017a8      0x747 build/default/production/rgbled.o
 .debug_str     0x0000000000001eef      0xaca build/default/production/ssd.o
 .debug_str     0x00000000000029b9      0x2a3 build/default/production/utils.o
 .debug_str     0x0000000000002c5c      0x3cd build/default/production/mic.o
 .debug_str     0x0000000000003029      0xd3f build/default/production/Proj3_Template.o
 .debug_str     0x0000000000003d68      0x2f1 /Applications/microchip/xc32/v4.10/bin/bin/../../lib/gcc/pic32mx/8.3.1/libgcc.a(floatunsisf.o)
 .debug_str     0x0000000000004059      0x379 /Applications/microchip/xc32/v4.10/bin/bin/../../lib/gcc/pic32mx/8.3.1/../../../../pic32mx/lib/libpic32.a(default-bootstrap-exception-handler.o)
 .debug_str     0x00000000000043d2      0x353 /Applications/microchip/xc32/v4.10/bin/bin/../../lib/gcc/pic32mx/8.3.1/../../../../pic32mx/lib/libpic32.a(default-on-reset.o)
 .debug_str     0x0000000000004725      0x35b /Applications/microchip/xc32/v4.10/bin/bin/../../lib/gcc/pic32mx/8.3.1/../../../../pic32mx/lib/libpic32.a(default-on-bootstrap.o)
 .debug_str     0x0000000000004a80      0x375 /Applications/microchip/xc32/v4.10/bin/bin/../../lib/gcc/pic32mx/8.3.1/../../../../pic32mx/lib/libpic32.a(default-general-exception-handler.o)
 .debug_str     0x0000000000004df5      0x36d /Applications/microchip/xc32/v4.10/bin/bin/../../lib/gcc/pic32mx/8.3.1/../../../../pic32mx/lib/libpic32.a(defaultinterrupt.o)
 .debug_str     0x0000000000005162      0x376 /Applications/microchip/xc32/v4.10/bin/bin/../../lib/gcc/pic32mx/8.3.1/../../../../pic32mx/lib/libc-musl.a(rand.o)
 .debug_str     0x00000000000054d8      0x400 /Applications/microchip/xc32/v4.10/bin/bin/../../lib/gcc/pic32mx/8.3.1/../../../../pic32mx/lib/libc-musl.a(__sio_sprintf_doux.o)
 .debug_str     0x00000000000058d8      0x3e7 /Applications/microchip/xc32/v4.10/bin/bin/../../lib/gcc/pic32mx/8.3.1/../../../../pic32mx/lib/libc-musl.a(__fmt_d.o)
 .debug_str     0x0000000000005cbf      0x3e7 /Applications/microchip/xc32/v4.10/bin/bin/../../lib/gcc/pic32mx/8.3.1/../../../../pic32mx/lib/libc-musl.a(__fmt_o.o)
 .debug_str     0x00000000000060a6      0x3d3 /Applications/microchip/xc32/v4.10/bin/bin/../../lib/gcc/pic32mx/8.3.1/../../../../pic32mx/lib/libc-musl.a(__fmt_s.o)
 .debug_str     0x0000000000006479      0x3ec /Applications/microchip/xc32/v4.10/bin/bin/../../lib/gcc/pic32mx/8.3.1/../../../../pic32mx/lib/libc-musl.a(__fmt_u.o)
 .debug_str     0x0000000000006865      0x3e7 /Applications/microchip/xc32/v4.10/bin/bin/../../lib/gcc/pic32mx/8.3.1/../../../../pic32mx/lib/libc-musl.a(__fmt_x.o)
 .debug_str     0x0000000000006c4c      0x4cf /Applications/microchip/xc32/v4.10/bin/bin/../../lib/gcc/pic32mx/8.3.1/../../../../pic32mx/lib/libc-musl.a(__printf_core.o)
 .debug_str     0x000000000000711b      0x320 /Applications/microchip/xc32/v4.10/bin/bin/../../lib/gcc/pic32mx/8.3.1/../../../../pic32mx/lib/libc-musl.a(atoi.o)
 .debug_str     0x000000000000743b      0x325 /Applications/microchip/xc32/v4.10/bin/bin/../../lib/gcc/pic32mx/8.3.1/../../../../pic32mx/lib/libc-musl.a(memcpy.o)
 .debug_str     0x0000000000007760      0x311 /Applications/microchip/xc32/v4.10/bin/bin/../../lib/gcc/pic32mx/8.3.1/../../../../pic32mx/lib/libc-musl.a(memset.o)
 .debug_str     0x0000000000007a71      0x34d /Applications/microchip/xc32/v4.10/bin/bin/../../lib/gcc/pic32mx/8.3.1/../../../../pic32mx/lib/libc-musl.a(tolower.o)
 .debug_str     0x0000000000007dbe      0x34d /Applications/microchip/xc32/v4.10/bin/bin/../../lib/gcc/pic32mx/8.3.1/../../../../pic32mx/lib/libc-musl.a(toupper.o)
 .debug_str     0x000000000000810b      0x39b /Applications/microchip/xc32/v4.10/bin/bin/../../lib/gcc/pic32mx/8.3.1/../../../../pic32mx/lib/libc-musl.a(__int_vsprintf.o)
 .debug_str     0x00000000000084a6      0x3b5 /Applications/microchip/xc32/v4.10/bin/bin/../../lib/gcc/pic32mx/8.3.1/../../../../pic32mx/lib/libc-musl.a(__pop_float.o)
 .debug_str     0x000000000000885b      0x3c0 /Applications/microchip/xc32/v4.10/bin/bin/../../lib/gcc/pic32mx/8.3.1/../../../../pic32mx/lib/libc-musl.a(__pop_int.o)
 .debug_str     0x0000000000008c1b      0x3c2 /Applications/microchip/xc32/v4.10/bin/bin/../../lib/gcc/pic32mx/8.3.1/../../../../pic32mx/lib/libc-musl.a(__pop_ptr.o)
 .debug_str     0x0000000000008fdd      0x3e3 /Applications/microchip/xc32/v4.10/bin/bin/../../lib/gcc/pic32mx/8.3.1/../../../../pic32mx/lib/libc-musl.a(__int_vsnprintf.o)
 .debug_str     0x00000000000093c0      0x3de /Applications/microchip/xc32/v4.10/bin/bin/../../lib/gcc/pic32mx/8.3.1/../../../../pic32mx/lib/libc-musl.a(__int_vfprintf.o)
 .debug_str     0x000000000000979e      0x3e6 /Applications/microchip/xc32/v4.10/bin/bin/../../lib/gcc/pic32mx/8.3.1/libgcc.a(_udivdi3.o)
 .debug_str     0x0000000000009b84      0x3e6 /Applications/microchip/xc32/v4.10/bin/bin/../../lib/gcc/pic32mx/8.3.1/libgcc.a(_umoddi3.o)
 .debug_str     0x0000000000009f6a      0x33e /Applications/microchip/xc32/v4.10/bin/bin/../../lib/gcc/pic32mx/8.3.1/../../../../pic32mx/lib/libpic32.a(errno.o)

.debug_loc      0x0000000000000000     0x2a05
 *.elf(.debug_loc)
 *(.debug_loc)
 .debug_loc     0x0000000000000000       0x84 /Applications/microchip/xc32/v4.10/bin/bin/../../lib/gcc/pic32mx/8.3.1/libgcc.a(floatunsisf.o)
 .debug_loc     0x0000000000000084       0x2c /Applications/microchip/xc32/v4.10/bin/bin/../../lib/gcc/pic32mx/8.3.1/../../../../pic32mx/lib/libpic32.a(default-bootstrap-exception-handler.o)
 .debug_loc     0x00000000000000b0       0x2c /Applications/microchip/xc32/v4.10/bin/bin/../../lib/gcc/pic32mx/8.3.1/../../../../pic32mx/lib/libpic32.a(default-general-exception-handler.o)
 .debug_loc     0x00000000000000dc       0x24 /Applications/microchip/xc32/v4.10/bin/bin/../../lib/gcc/pic32mx/8.3.1/../../../../pic32mx/lib/libc-musl.a(rand.o)
 .debug_loc     0x0000000000000100       0x5f /Applications/microchip/xc32/v4.10/bin/bin/../../lib/gcc/pic32mx/8.3.1/../../../../pic32mx/lib/libc-musl.a(__sio_sprintf_doux.o)
 .debug_loc     0x000000000000015f      0x225 /Applications/microchip/xc32/v4.10/bin/bin/../../lib/gcc/pic32mx/8.3.1/../../../../pic32mx/lib/libc-musl.a(__fmt_d.o)
 .debug_loc     0x0000000000000384       0xf2 /Applications/microchip/xc32/v4.10/bin/bin/../../lib/gcc/pic32mx/8.3.1/../../../../pic32mx/lib/libc-musl.a(__fmt_o.o)
 .debug_loc     0x0000000000000476      0x11c /Applications/microchip/xc32/v4.10/bin/bin/../../lib/gcc/pic32mx/8.3.1/../../../../pic32mx/lib/libc-musl.a(__fmt_s.o)
 .debug_loc     0x0000000000000592      0x2cb /Applications/microchip/xc32/v4.10/bin/bin/../../lib/gcc/pic32mx/8.3.1/../../../../pic32mx/lib/libc-musl.a(__fmt_u.o)
 .debug_loc     0x000000000000085d      0x2a7 /Applications/microchip/xc32/v4.10/bin/bin/../../lib/gcc/pic32mx/8.3.1/../../../../pic32mx/lib/libc-musl.a(__fmt_x.o)
 .debug_loc     0x0000000000000b04      0x556 /Applications/microchip/xc32/v4.10/bin/bin/../../lib/gcc/pic32mx/8.3.1/../../../../pic32mx/lib/libc-musl.a(__printf_core.o)
 .debug_loc     0x000000000000105a       0xbe /Applications/microchip/xc32/v4.10/bin/bin/../../lib/gcc/pic32mx/8.3.1/../../../../pic32mx/lib/libc-musl.a(atoi.o)
 .debug_loc     0x0000000000001118      0x118 /Applications/microchip/xc32/v4.10/bin/bin/../../lib/gcc/pic32mx/8.3.1/../../../../pic32mx/lib/libc-musl.a(memcpy.o)
 .debug_loc     0x0000000000001230       0x96 /Applications/microchip/xc32/v4.10/bin/bin/../../lib/gcc/pic32mx/8.3.1/../../../../pic32mx/lib/libc-musl.a(memset.o)
 .debug_loc     0x00000000000012c6       0x89 /Applications/microchip/xc32/v4.10/bin/bin/../../lib/gcc/pic32mx/8.3.1/../../../../pic32mx/lib/libc-musl.a(__int_vsprintf.o)
 .debug_loc     0x000000000000134f       0x40 /Applications/microchip/xc32/v4.10/bin/bin/../../lib/gcc/pic32mx/8.3.1/../../../../pic32mx/lib/libc-musl.a(__pop_ptr.o)
 .debug_loc     0x000000000000138f      0x113 /Applications/microchip/xc32/v4.10/bin/bin/../../lib/gcc/pic32mx/8.3.1/../../../../pic32mx/lib/libc-musl.a(__int_vsnprintf.o)
 .debug_loc     0x00000000000014a2       0x9f /Applications/microchip/xc32/v4.10/bin/bin/../../lib/gcc/pic32mx/8.3.1/../../../../pic32mx/lib/libc-musl.a(__int_vfprintf.o)
 .debug_loc     0x0000000000001541      0xb5b /Applications/microchip/xc32/v4.10/bin/bin/../../lib/gcc/pic32mx/8.3.1/libgcc.a(_udivdi3.o)
 .debug_loc     0x000000000000209c      0x969 /Applications/microchip/xc32/v4.10/bin/bin/../../lib/gcc/pic32mx/8.3.1/libgcc.a(_umoddi3.o)

.debug_macinfo
 *.elf(.debug_macinfo)
 *(.debug_macinfo)

.debug_weaknames
 *.elf(.debug_weaknames)
 *(.debug_weaknames)

.debug_funcnames
 *.elf(.debug_funcnames)
 *(.debug_funcnames)

.debug_typenames
 *.elf(.debug_typenames)
 *(.debug_typenames)

.debug_varnames
 *.elf(.debug_varnames)
 *(.debug_varnames)

.debug_pubtypes
 *.elf(.debug_pubtypes)
 *(.debug_pubtypes)

.debug_ranges   0x0000000000000000      0x410
 *.elf(.debug_ranges)
 *(.debug_ranges)
 .debug_ranges  0x0000000000000000       0x10 /Applications/microchip/xc32/v4.10/bin/bin/../../lib/gcc/pic32mx/8.3.1/../../../../pic32mx/lib/libpic32.a(default-bootstrap-exception-handler.o)
 .debug_ranges  0x0000000000000010       0x10 /Applications/microchip/xc32/v4.10/bin/bin/../../lib/gcc/pic32mx/8.3.1/../../../../pic32mx/lib/libpic32.a(default-on-reset.o)
 .debug_ranges  0x0000000000000020       0x10 /Applications/microchip/xc32/v4.10/bin/bin/../../lib/gcc/pic32mx/8.3.1/../../../../pic32mx/lib/libpic32.a(default-on-bootstrap.o)
 .debug_ranges  0x0000000000000030       0x10 /Applications/microchip/xc32/v4.10/bin/bin/../../lib/gcc/pic32mx/8.3.1/../../../../pic32mx/lib/libpic32.a(default-general-exception-handler.o)
 .debug_ranges  0x0000000000000040       0x10 /Applications/microchip/xc32/v4.10/bin/bin/../../lib/gcc/pic32mx/8.3.1/../../../../pic32mx/lib/libpic32.a(defaultinterrupt.o)
 .debug_ranges  0x0000000000000050       0x18 /Applications/microchip/xc32/v4.10/bin/bin/../../lib/gcc/pic32mx/8.3.1/../../../../pic32mx/lib/libc-musl.a(rand.o)
 .debug_ranges  0x0000000000000068       0x18 /Applications/microchip/xc32/v4.10/bin/bin/../../lib/gcc/pic32mx/8.3.1/../../../../pic32mx/lib/libc-musl.a(__sio_sprintf_doux.o)
 .debug_ranges  0x0000000000000080       0x10 /Applications/microchip/xc32/v4.10/bin/bin/../../lib/gcc/pic32mx/8.3.1/../../../../pic32mx/lib/libc-musl.a(__fmt_d.o)
 .debug_ranges  0x0000000000000090       0x10 /Applications/microchip/xc32/v4.10/bin/bin/../../lib/gcc/pic32mx/8.3.1/../../../../pic32mx/lib/libc-musl.a(__fmt_o.o)
 .debug_ranges  0x00000000000000a0       0x10 /Applications/microchip/xc32/v4.10/bin/bin/../../lib/gcc/pic32mx/8.3.1/../../../../pic32mx/lib/libc-musl.a(__fmt_s.o)
 .debug_ranges  0x00000000000000b0       0x18 /Applications/microchip/xc32/v4.10/bin/bin/../../lib/gcc/pic32mx/8.3.1/../../../../pic32mx/lib/libc-musl.a(__fmt_u.o)
 .debug_ranges  0x00000000000000c8       0x10 /Applications/microchip/xc32/v4.10/bin/bin/../../lib/gcc/pic32mx/8.3.1/../../../../pic32mx/lib/libc-musl.a(__fmt_x.o)
 .debug_ranges  0x00000000000000d8       0xf0 /Applications/microchip/xc32/v4.10/bin/bin/../../lib/gcc/pic32mx/8.3.1/../../../../pic32mx/lib/libc-musl.a(__printf_core.o)
 .debug_ranges  0x00000000000001c8       0x28 /Applications/microchip/xc32/v4.10/bin/bin/../../lib/gcc/pic32mx/8.3.1/../../../../pic32mx/lib/libc-musl.a(atoi.o)
 .debug_ranges  0x00000000000001f0       0x10 /Applications/microchip/xc32/v4.10/bin/bin/../../lib/gcc/pic32mx/8.3.1/../../../../pic32mx/lib/libc-musl.a(memcpy.o)
 .debug_ranges  0x0000000000000200       0x10 /Applications/microchip/xc32/v4.10/bin/bin/../../lib/gcc/pic32mx/8.3.1/../../../../pic32mx/lib/libc-musl.a(memset.o)
 .debug_ranges  0x0000000000000210       0x18 /Applications/microchip/xc32/v4.10/bin/bin/../../lib/gcc/pic32mx/8.3.1/../../../../pic32mx/lib/libc-musl.a(tolower.o)
 .debug_ranges  0x0000000000000228       0x18 /Applications/microchip/xc32/v4.10/bin/bin/../../lib/gcc/pic32mx/8.3.1/../../../../pic32mx/lib/libc-musl.a(toupper.o)
 .debug_ranges  0x0000000000000240       0x10 /Applications/microchip/xc32/v4.10/bin/bin/../../lib/gcc/pic32mx/8.3.1/../../../../pic32mx/lib/libc-musl.a(__int_vsprintf.o)
 .debug_ranges  0x0000000000000250       0x10 /Applications/microchip/xc32/v4.10/bin/bin/../../lib/gcc/pic32mx/8.3.1/../../../../pic32mx/lib/libc-musl.a(__pop_float.o)
 .debug_ranges  0x0000000000000260       0x10 /Applications/microchip/xc32/v4.10/bin/bin/../../lib/gcc/pic32mx/8.3.1/../../../../pic32mx/lib/libc-musl.a(__pop_int.o)
 .debug_ranges  0x0000000000000270       0x10 /Applications/microchip/xc32/v4.10/bin/bin/../../lib/gcc/pic32mx/8.3.1/../../../../pic32mx/lib/libc-musl.a(__pop_ptr.o)
 .debug_ranges  0x0000000000000280       0x10 /Applications/microchip/xc32/v4.10/bin/bin/../../lib/gcc/pic32mx/8.3.1/../../../../pic32mx/lib/libc-musl.a(__int_vsnprintf.o)
 .debug_ranges  0x0000000000000290       0x10 /Applications/microchip/xc32/v4.10/bin/bin/../../lib/gcc/pic32mx/8.3.1/../../../../pic32mx/lib/libc-musl.a(__int_vfprintf.o)
 .debug_ranges  0x00000000000002a0       0xd0 /Applications/microchip/xc32/v4.10/bin/bin/../../lib/gcc/pic32mx/8.3.1/libgcc.a(_udivdi3.o)
 .debug_ranges  0x0000000000000370       0xa0 /Applications/microchip/xc32/v4.10/bin/bin/../../lib/gcc/pic32mx/8.3.1/libgcc.a(_umoddi3.o)

.gnu.attributes
                0x0000000000000000       0x10
 *(.gnu.attributes)
 .gnu.attributes
                0x0000000000000000       0x10 /Applications/microchip/xc32/v4.10/bin/bin/../../lib/gcc/pic32mx/8.3.1/../../../../pic32mx/lib/debug-exception-return.o
 .gnu.attributes
                0x0000000000000010       0x10 build/default/production/acl.o
 .gnu.attributes
                0x0000000000000020       0x10 build/default/production/adc.o
 .gnu.attributes
                0x0000000000000030       0x10 build/default/production/i2c.o
 .gnu.attributes
                0x0000000000000040       0x10 build/default/production/lcd.o
 .gnu.attributes
                0x0000000000000050       0x10 build/default/production/led.o
 .gnu.attributes
                0x0000000000000060       0x10 build/default/production/rgbled.o
 .gnu.attributes
                0x0000000000000070       0x10 build/default/production/ssd.o
 .gnu.attributes
                0x0000000000000080       0x10 build/default/production/utils.o
 .gnu.attributes
                0x0000000000000090       0x10 build/default/production/mic.o
 .gnu.attributes
                0x00000000000000a0       0x10 build/default/production/Proj3_Template.o
 .gnu.attributes
                0x00000000000000b0       0x10 /var/folders/xs/fh8ytymx42g6mw1hgkb8529w0000gn/T//cchn4Ngd.o
 .gnu.attributes
                0x00000000000000c0       0x10 /var/folders/xs/fh8ytymx42g6mw1hgkb8529w0000gn/T//cc3o2So2.o
 .gnu.attributes
                0x00000000000000d0       0x10 /var/folders/xs/fh8ytymx42g6mw1hgkb8529w0000gn/T//ccDQp6dp.o
 .gnu.attributes
                0x00000000000000e0       0x10 /Applications/microchip/xc32/v4.10/bin/bin/../../lib/gcc/pic32mx/8.3.1/../../../../pic32mx/lib/pic32_software_reset.o
 .gnu.attributes
                0x00000000000000f0       0x10 /Applications/microchip/xc32/v4.10/bin/bin/../../lib/gcc/pic32mx/8.3.1/libgcc.a(floatunsisf.o)
 .gnu.attributes
                0x0000000000000100       0x10 /Applications/microchip/xc32/v4.10/bin/bin/../../lib/gcc/pic32mx/8.3.1/../../../../pic32mx/lib/libpic32.a(strlen.o)
 .gnu.attributes
                0x0000000000000110       0x10 /Applications/microchip/xc32/v4.10/bin/bin/../../lib/gcc/pic32mx/8.3.1/../../../../pic32mx/lib/libpic32.a(default-bootstrap-exception-handler.o)
 .gnu.attributes
                0x0000000000000120       0x10 /Applications/microchip/xc32/v4.10/bin/bin/../../lib/gcc/pic32mx/8.3.1/../../../../pic32mx/lib/libpic32.a(default-on-reset.o)
 .gnu.attributes
                0x0000000000000130       0x10 /Applications/microchip/xc32/v4.10/bin/bin/../../lib/gcc/pic32mx/8.3.1/../../../../pic32mx/lib/libpic32.a(default-on-bootstrap.o)
 .gnu.attributes
                0x0000000000000140       0x10 /Applications/microchip/xc32/v4.10/bin/bin/../../lib/gcc/pic32mx/8.3.1/../../../../pic32mx/lib/libpic32.a(default-nmi-handler.o)
 .gnu.attributes
                0x0000000000000150       0x10 /Applications/microchip/xc32/v4.10/bin/bin/../../lib/gcc/pic32mx/8.3.1/../../../../pic32mx/lib/libpic32.a(pic32_data_init.o)
 .gnu.attributes